Component: ARM Compiler 5.06 update 4 (build 422) Tool: armlink [4d35d2]

==============================================================================

Section Cross References

    main.o(.text) refers to _printf_percent.o(.ARM.Collect$$_printf_percent$$00000000) for _printf_percent
    main.o(.text) refers to _printf_s.o(.ARM.Collect$$_printf_percent$$00000014) for _printf_s
    main.o(.text) refers to _printf_str.o(.text) for _printf_str
    main.o(.text) refers to misc.o(.text) for NVIC_PriorityGroupConfig
    main.o(.text) refers to delay.o(.text) for delay_init
    main.o(.text) refers to iwdg.o(.text) for IWDG_Init
    main.o(.text) refers to stm32f10x_rcc.o(.text) for RCC_AHBPeriphClockCmd
    main.o(.text) refers to usart.o(.text) for uart_init
    main.o(.text) refers to timer.o(.text) for TIM3_Int_Init
    main.o(.text) refers to usart_1.o(.text) for USART1_Init
    main.o(.text) refers to stmflash.o(.text) for FLASH_initialize
    main.o(.text) refers to led.o(.text) for LED_Init
    main.o(.text) refers to sim868.o(.text) for PWR_Init
    main.o(.text) refers to usart3.o(.text) for USART3_Init
    main.o(.text) refers to __2sprintf.o(.text) for __2sprintf
    main.o(.text) refers to __2printf.o(.text) for __2printf
    main.o(.text) refers to timer.o(.data) for MeanwhileHeart
    main.o(.text) refers to usart3.o(.data) for GPS_effective
    main.o(.text) refers to usart3.o(.bss) for Azimuth
    main.o(.text) refers to stmflash.o(.bss) for TEXT_Buffer_1
    main.o(.text) refers to sim868.o(.data) for isSendDataError
    main.o(.text) refers to stmflash.o(.data) for signalQuality
    main.o(.text) refers to sim868.o(.bss) for u1_data_Pack
    system_stm32f10x.o(.text) refers to system_stm32f10x.o(.data) for SystemCoreClock
    led.o(.text) refers to stm32f10x_rcc.o(.text) for RCC_APB2PeriphClockCmd
    led.o(.text) refers to stm32f10x_gpio.o(.text) for GPIO_Init
    key.o(.text) refers to stm32f10x_rcc.o(.text) for RCC_APB2PeriphClockCmd
    key.o(.text) refers to stm32f10x_gpio.o(.text) for GPIO_Init
    key.o(.text) refers to delay.o(.text) for delay_ms
    key.o(.text) refers to key.o(.data) for key_up
    timer.o(.text) refers to _printf_percent.o(.ARM.Collect$$_printf_percent$$00000000) for _printf_percent
    timer.o(.text) refers to _printf_f.o(.ARM.Collect$$_printf_percent$$00000003) for _printf_f
    timer.o(.text) refers to printf1.o(x$fpl$printf1) for _printf_fp_dec
    timer.o(.text) refers to stm32f10x_rcc.o(.text) for RCC_APB1PeriphClockCmd
    timer.o(.text) refers to stm32f10x_tim.o(.text) for TIM_TimeBaseInit
    timer.o(.text) refers to misc.o(.text) for NVIC_Init
    timer.o(.text) refers to iwdg.o(.text) for IWDG_Feed
    timer.o(.text) refers to __2printf.o(.text) for __2printf
    timer.o(.text) refers to usart3.o(.text) for getFilterLoc
    timer.o(.text) refers to conversion.o(.text) for Cal_Distance
    timer.o(.text) refers to dmul.o(x$fpl$dmul) for __aeabi_dmul
    timer.o(.text) refers to timer.o(.data) for T
    timer.o(.text) refers to sim868.o(.bss) for u1_data_Pack
    timer.o(.text) refers to sim868.o(.data) for deviceState
    timer.o(.text) refers to usart3.o(.data) for GPS_effective
    conversion.o(.text) refers to dmul.o(x$fpl$dmul) for __aeabi_dmul
    conversion.o(.text) refers to ddiv.o(x$fpl$ddiv) for __aeabi_ddiv
    conversion.o(.text) refers to dfix.o(x$fpl$dfix) for __aeabi_d2iz
    conversion.o(.text) refers to dflt_clz.o(x$fpl$dflt) for __aeabi_i2d
    conversion.o(.text) refers to sqrt.o(i.sqrt) for sqrt
    conversion.o(.text) refers to daddsub_clz.o(x$fpl$dadd) for __aeabi_dadd
    conversion.o(.text) refers to sin.o(i.sin) for sin
    conversion.o(.text) refers to conversion.o(.data) for pi
    conversion.o(.text) refers to daddsub_clz.o(x$fpl$dsub) for __aeabi_dsub
    conversion.o(.text) refers to daddsub_clz.o(x$fpl$drsb) for __aeabi_drsub
    conversion.o(.text) refers to cos.o(i.cos) for cos
    conversion.o(.text) refers to atan2.o(i.atan2) for atan2
    conversion.o(.text) refers to pow.o(i.pow) for pow
    conversion.o(.text) refers to asin.o(i.asin) for asin
    conversion.o(.text) refers to dfixu.o(x$fpl$dfixu) for __aeabi_d2uiz
    conversion.o(.text) refers to dflt_clz.o(x$fpl$dfltu) for __aeabi_ui2d
    stmflash.o(.text) refers to _printf_percent.o(.ARM.Collect$$_printf_percent$$00000000) for _printf_percent
    stmflash.o(.text) refers to _printf_d.o(.ARM.Collect$$_printf_percent$$00000009) for _printf_d
    stmflash.o(.text) refers to _printf_dec.o(.text) for _printf_int_dec
    stmflash.o(.text) refers to stm32f10x_flash.o(.text) for FLASH_ProgramHalfWord
    stmflash.o(.text) refers to stm32f10x_crc.o(.text) for CRC_ResetDR
    stmflash.o(.text) refers to __2printf.o(.text) for __2printf
    stmflash.o(.text) refers to stmflash.o(.bss) for STMFLASH_BUF
    stmflash.o(.text) refers to usart3.o(.bss) for sysData_Pack
    stmflash.o(.text) refers to usart3.o(.data) for Pack_length
[...]
    Testing_FLASH                            0x080017a5   Thumb Code   134  stmflash.o(.text)
    IWDG_Init                                0x080018f5   Thumb Code    36  iwdg.o(.text)
    IWDG_Feed                                0x08001919   Thumb Code     8  iwdg.o(.text)
    USART3_Init                              0x08001921   Thumb Code   158  usart3.o(.text)
    Receive_empty                            0x080019bf   Thumb Code    36  usart3.o(.text)
    UTC_Localtime                            0x080019e3   Thumb Code   378  usart3.o(.text)
    analysisGPS                              0x08001b5d   Thumb Code   572  usart3.o(.text)
    GPS_filter                               0x08001d99   Thumb Code   178  usart3.o(.text)
    getFilterLoc                             0x08001e4b   Thumb Code    40  usart3.o(.text)
    GPS_Packed_Data                          0x08001e73   Thumb Code   116  usart3.o(.text)
    USART3_IRQHandler                        0x08001ee7   Thumb Code   348  usart3.o(.text)
    cleanReceiveData_GPS                     0x08002043   Thumb Code    54  usart3.o(.text)
    SIM868_GPS_Init                          0x08002155   Thumb Code    54  sim868.o(.text)
    my_strstr                                0x0800218b   Thumb Code    74  sim868.o(.text)
    cleanReceiveData                         0x080021d5   Thumb Code    32  sim868.o(.text)
    sendAT                                   0x080021f5   Thumb Code   132  sim868.o(.text)
    ReturnCommaPosition                      0x08002279   Thumb Code    46  sim868.o(.text)
    charNum                                  0x080022a7   Thumb Code    36  sim868.o(.text)
    extractParameter                         0x080022cb   Thumb Code   320  sim868.o(.text)
    SIM868_GPRS_Test                         0x0800240b   Thumb Code   136  sim868.o(.text)
    GPRS_Connect                             0x08002493   Thumb Code   674  sim868.o(.text)
    getIMEI                                  0x08002735   Thumb Code    78  sim868.o(.text)
    SIM868_Init                              0x08002783   Thumb Code   380  sim868.o(.text)
    checkRevision                            0x080028ff   Thumb Code   104  sim868.o(.text)
    PWR_Init                                 0x08002967   Thumb Code    80  sim868.o(.text)
    Restart_SIM868                           0x080029b7   Thumb Code   108  sim868.o(.text)
    TCP_Connect                              0x08002a23   Thumb Code    50  sim868.o(.text)
    Check_TCP                                0x08002a55   Thumb Code    44  sim868.o(.text)
    submitInformation                        0x08002a81   Thumb Code   936  sim868.o(.text)
    SIM868_SendHeart                         0x08002e29   Thumb Code    60  sim868.o(.text)
    Send_LBS                                 0x08002e65   Thumb Code    56  sim868.o(.text)
    AnalyticalLBS                            0x08002e9d   Thumb Code   136  sim868.o(.text)
    AnalyticalData                           0x08002f25   Thumb Code   104  sim868.o(.text)
    Check_AT                                 0x08002f8d   Thumb Code    66  sim868.o(.text)
    USART1_Init                              0x080030e5   Thumb Code   186  usart_1.o(.text)
    USART1_IRQHandler                        0x0800319f   Thumb Code    86  usart_1.o(.text)
    u1_printf                                0x080031f5   Thumb Code    72  usart_1.o(.text)
    delay_init                               0x0800324d   Thumb Code    50  delay.o(.text)
    delay_us                                 0x0800327f   Thumb Code    72  delay.o(.text)
    delay_ms                                 0x080032c7   Thumb Code    72  delay.o(.text)
    _sys_exit                                0x08003321   Thumb Code     6  usart.o(.text)
    fputc                                    0x08003327   Thumb Code    24  usart.o(.text)
    uart_init                                0x0800333f   Thumb Code   154  usart.o(.text)
    USART2_IRQHandler                        0x080033d9   Thumb Code   122  usart.o(.text)
    Reset_Handler                            0x08003465   Thumb Code     8  startup_stm32f10x_hd.o(.text)
    ADC1_2_IRQHandler                        0x0800347f   Thumb Code     0  startup_stm32f10x_hd.o(.text)
    ADC3_IRQHandler                          0x0800347f   Thumb Code     0  startup_stm32f10x_hd.o(.text)
    CAN1_RX1_IRQHandler                      0x0800347f   Thumb Code     0  startup_stm32f10x_hd.o(.text)
    CAN1_SCE_IRQHandler                      0x0800347f   Thumb Code     0  startup_stm32f10x_hd.o(.text)
    DMA1_Channel1_IRQHandler                 0x0800347f   Thumb Code     0  startup_stm32f10x_hd.o(.text)
    DMA1_Channel2_IRQHandler                 0x0800347f   Thumb Code     0  startup_stm32f10x_hd.o(.text)
    DMA1_Channel3_IRQHandler                 0x0800347f   Thumb Code     0  startup_stm32f10x_hd.o(.text)
    DMA1_Channel4_IRQHandler                 0x0800347f   Thumb Code     0  startup_stm32f10x_hd.o(.text)
    DMA1_Channel5_IRQHandler                 0x0800347f   Thumb Code     0  startup_stm32f10x_hd.o(.text)
    DMA1_Channel6_IRQHandler                 0x0800347f   Thumb Code     0  startup_stm32f10x_hd.o(.text)
    DMA1_Channel7_IRQHandler                 0x0800347f   Thumb Code     0  startup_stm32f10x_hd.o(.text)
    DMA2_Channel1_IRQHandler                 0x0800347f   Thumb Code     0  startup_stm32f10x_hd.o(.text)
    DMA2_Channel2_IRQHandler                 0x0800347f   Thumb Code     0  startup_stm32f10x_hd.o(.text)
    DMA2_Channel3_IRQHandler                 0x0800347f   Thumb Code     0  startup_stm32f10x_hd.o(.text)
    DMA2_Channel4_5_IRQHandler               0x0800347f   Thumb Code     0  startup_stm32f10x_hd.o(.text)
    EXTI0_IRQHandler                         0x0800347f   Thumb Code     0  startup_stm32f10x_hd.o(.text)
    EXTI15_10_IRQHandler                     0x0800347f   Thumb Code     0  startup_stm32f10x_hd.o(.text)
    EXTI1_IRQHandler                         0x0800347f   Thumb Code     0  startup_stm32f10x_hd.o(.text)
    EXTI2_IRQHandler                         0x0800347f   Thumb Code     0  startup_stm32f10x_hd.o(.text)
    EXTI3_IRQHandler                         0x0800347f   Thumb Code     0  startup_stm32f10x_hd.o(.text)
    EXTI4_IRQHandler                         0x0800347f   Thumb Code     0  startup_stm32f10x_hd.o(.text)
    EXTI9_5_IRQHandler                       0x0800347f   Thumb Code     0  startup_stm32f10x_hd.o(.text)
    FLASH_IRQHandler                         0x0800347f   Thumb Code     0  startup_stm32f10x_hd.o(.text)
    FSMC_IRQHandler                          0x0800347f   Thumb Code     0  startup_stm32f10x_hd.o(.text)
    I2C1_ER_IRQHandler                       0x0800347f   Thumb Code     0  startup_stm32f10x_hd.o(.text)
    I2C1_EV_IRQHandler                       0x0800347f   Thumb Code     0  startup_stm32f10x_hd.o(.text)
    I2C2_ER_IRQHandler                       0x0800347f   Thumb Code     0  startup_stm32f10x_hd.o(.text)
    I2C2_EV_IRQHandler                       0x0800347f   Thumb Code     0  startup_stm32f10x_hd.o(.text)
    PVD_IRQHandler                           0x0800347f   Thumb Code     0  startup_stm32f10x_hd.o(.text)
    RCC_IRQHandler                           0x0800347f   Thumb Code     0  startup_stm32f10x_hd.o(.text)
    RTCAlarm_IRQHandler                      0x0800347f   Thumb Code     0  startup_stm32f10x_hd.o(.text)
    RTC_IRQHandler                           0x0800347f   Thumb Code     0  startup_stm32f10x_hd.o(.text)
    SDIO_IRQHandler                          0x0800347f   Thumb Code     0  startup_stm32f10x_hd.o(.text)
    SPI1_IRQHandler                          0x0800347f   Thumb Code     0  startup_stm32f10x_hd.o(.text)
    SPI2_IRQHandler                          0x0800347f   Thumb Code     0  startup_stm32f10x_hd.o(.text)
    SPI3_IRQHandler                          0x0800347f   Thumb Code     0  startup_stm32f10x_hd.o(.text)
    TAMPER_IRQHandler                        0x0800347f   Thumb Code     0  startup_stm32f10x_hd.o(.text)
    TIM1_BRK_IRQHandler                      0x0800347f   Thumb Code     0  startup_stm32f10x_hd.o(.text)
    TIM1_CC_IRQHandler                       0x0800347f   Thumb Code     0  startup_stm32f10x_hd.o(.text)
    TIM1_TRG_COM_IRQHandler                  0x0800347f   Thumb Code     0  startup_stm32f10x_hd.o(.text)
    TIM1_UP_IRQHandler                       0x0800347f   Thumb Code     0  startup_stm32f10x_hd.o(.text)
    TIM2_IRQHandler                          0x0800347f   Thumb Code     0  startup_stm32f10x_hd.o(.text)
    TIM4_IRQHandler                          0x0800347f   Thumb Code     0  startup_stm32f10x_hd.o(.text)
    TIM5_IRQHandler                          0x0800347f   Thumb Code     0  startup_stm32f10x_hd.o(.text)
    TIM6_IRQHandler                          0x0800347f   Thumb Code     0  startup_stm32f10x_hd.o(.text)
    TIM7_IRQHandler                          0x0800347f   Thumb Code     0  startup_stm32f10x_hd.o(.text)
    TIM8_BRK_IRQHandler                      0x0800347f   Thumb Code     0  startup_stm32f10x_hd.o(.text)
    TIM8_CC_IRQHandler                       0x0800347f   Thumb Code     0  startup_stm32f10x_hd.o(.text)
    TIM8_TRG_COM_IRQHandler                  0x0800347f   Thumb Code     0  startup_stm32f10x_hd.o(.text)
    TIM8_UP_IRQHandler                       0x0800347f   Thumb Code     0  startup_stm32f10x_hd.o(.text)
    UART4_IRQHandler                         0x0800347f   Thumb Code     0  startup_stm32f10x_hd.o(.text)
    UART5_IRQHandler                         0x0800347f   Thumb Code     0  startup_stm32f10x_hd.o(.text)
    USBWakeUp_IRQHandler                     0x0800347f   Thumb Code     0  startup_stm32f10x_hd.o(.text)
    USB_HP_CAN1_TX_IRQHandler                0x0800347f   Thumb Code     0  startup_stm32f10x_hd.o(.text)
    USB_LP_CAN1_RX0_IRQHandler               0x0800347f   Thumb Code     0  startup_stm32f10x_hd.o(.text)
    WWDG_IRQHandler                          0x0800347f   Thumb Code     0  startup_stm32f10x_hd.o(.text)
    __user_initial_stackheap                 0x08003481   Thumb Code     0  startup_stm32f10x_hd.o(.text)
    NVIC_PriorityGroupConfig                 0x080034a5   Thumb Code    10  misc.o(.text)
    NVIC_Init                                0x080034af   Thumb Code   100  misc.o(.text)
    NVIC_SetVectorTable                      0x08003513   Thumb Code    14  misc.o(.text)
    NVIC_SystemLPConfig                      0x08003521   Thumb Code    34  misc.o(.text)
    SysTick_CLKSourceConfig                  0x08003543   Thumb Code    40  misc.o(.text)
    GPIO_DeInit                              0x08003581   Thumb Code   172  stm32f10x_gpio.o(.text)
    GPIO_AFIODeInit                          0x0800362d   Thumb Code    20  stm32f10x_gpio.o(.text)
    GPIO_Init                                0x08003641   Thumb Code   278  stm32f10x_gpio.o(.text)
    GPIO_StructInit                          0x08003757   Thumb Code    16  stm32f10x_gpio.o(.text)
    GPIO_ReadInputDataBit                    0x08003767   Thumb Code    18  stm32f10x_gpio.o(.text)
    GPIO_ReadInputData                       0x08003779   Thumb Code     8  stm32f10x_gpio.o(.text)
    GPIO_ReadOutputDataBit                   0x08003781   Thumb Code    18  stm32f10x_gpio.o(.text)
    GPIO_ReadOutputData                      0x08003793   Thumb Code     8  stm32f10x_gpio.o(.text)
    GPIO_SetBits                             0x0800379b   Thumb Code     4  stm32f10x_gpio.o(.text)
    GPIO_ResetBits                           0x0800379f   Thumb Code     4  stm32f10x_gpio.o(.text)
    GPIO_WriteBit                            0x080037a3   Thumb Code    10  stm32f10x_gpio.o(.text)
    GPIO_Write                               0x080037ad   Thumb Code     4  stm32f10x_gpio.o(.text)
    GPIO_PinLockConfig                       0x080037b1   Thumb Code    18  stm32f10x_gpio.o(.text)
    GPIO_EventOutputConfig                   0x080037c3   Thumb Code    26  stm32f10x_gpio.o(.text)
    GPIO_EventOutputCmd                      0x080037dd   Thumb Code     6  stm32f10x_gpio.o(.text)
    GPIO_PinRemapConfig                      0x080037e3   Thumb Code   138  stm32f10x_gpio.o(.text)
    GPIO_EXTILineConfig                      0x0800386d   Thumb Code    66  stm32f10x_gpio.o(.text)
    GPIO_ETH_MediaInterfaceConfig            0x080038af   Thumb Code     8  stm32f10x_gpio.o(.text)
    RCC_DeInit                               0x080038dd   Thumb Code    64  stm32f10x_rcc.o(.text)
    RCC_HSEConfig                            0x0800391d   Thumb Code    70  stm32f10x_rcc.o(.text)
    RCC_GetFlagStatus                        0x08003963   Thumb Code    56  stm32f10x_rcc.o(.text)
    RCC_WaitForHSEStartUp                    0x0800399b   Thumb Code    56  stm32f10x_rcc.o(.text)
    RCC_AdjustHSICalibrationValue            0x080039d3   Thumb Code    20  stm32f10x_rcc.o(.text)
    RCC_HSICmd                               0x080039e7   Thumb Code     6  stm32f10x_rcc.o(.text)
    RCC_PLLConfig                            0x080039ed   Thumb Code    24  stm32f10x_rcc.o(.text)
    RCC_PLLCmd                               0x08003a05   Thumb Code     6  stm32f10x_rcc.o(.text)
    RCC_SYSCLKConfig                         0x08003a0b   Thumb Code    18  stm32f10x_rcc.o(.text)
    RCC_GetSYSCLKSource                      0x08003a1d   Thumb Code    10  stm32f10x_rcc.o(.text)
    RCC_HCLKConfig                           0x08003a27   Thumb Code    18  stm32f10x_rcc.o(.text)
    RCC_PCLK1Config                          0x08003a39   Thumb Code    18  stm32f10x_rcc.o(.text)
    RCC_PCLK2Config                          0x08003a4b   Thumb Code    20  stm32f10x_rcc.o(.text)
    RCC_ITConfig                             0x08003a5f   Thumb Code    26  stm32f10x_rcc.o(.text)
    RCC_USBCLKConfig                         0x08003a79   Thumb Code     8  stm32f10x_rcc.o(.text)
    RCC_ADCCLKConfig                         0x08003a81   Thumb Code    18  stm32f10x_rcc.o(.text)
    RCC_LSEConfig                            0x08003a93   Thumb Code    50  stm32f10x_rcc.o(.text)
    RCC_LSICmd                               0x08003ac5   Thumb Code     6  stm32f10x_rcc.o(.text)
    RCC_RTCCLKConfig                         0x08003acb   Thumb Code    12  stm32f10x_rcc.o(.text)
    RCC_RTCCLKCmd                            0x08003ad7   Thumb Code     8  stm32f10x_rcc.o(.text)
    RCC_GetClocksFreq                        0x08003adf   Thumb Code   192  stm32f10x_rcc.o(.text)
    RCC_AHBPeriphClockCmd                    0x08003b9f   Thumb Code    26  stm32f10x_rcc.o(.text)
    RCC_APB2PeriphClockCmd                   0x08003bb9   Thumb Code    26  stm32f10x_rcc.o(.text)
    RCC_APB1PeriphClockCmd                   0x08003bd3   Thumb Code    26  stm32f10x_rcc.o(.text)
    RCC_APB2PeriphResetCmd                   0x08003bed   Thumb Code    26  stm32f10x_rcc.o(.text)
    RCC_APB1PeriphResetCmd                   0x08003c07   Thumb Code    26  stm32f10x_rcc.o(.text)
    RCC_BackupResetCmd                       0x08003c21   Thumb Code     8  stm32f10x_rcc.o(.text)
    RCC_ClockSecuritySystemCmd               0x08003c29   Thumb Code     6  stm32f10x_rcc.o(.text)
    RCC_MCOConfig                            0x08003c2f   Thumb Code     6  stm32f10x_rcc.o(.text)
    RCC_ClearFlag                            0x08003c35   Thumb Code    14  stm32f10x_rcc.o(.text)
    RCC_GetITStatus                          0x08003c43   Thumb Code    20  stm32f10x_rcc.o(.text)
    RCC_ClearITPendingBit                    0x08003c57   Thumb Code     6  stm32f10x_rcc.o(.text)
    USART_DeInit                             0x08003c81   Thumb Code   134  stm32f10x_usart.o(.text)
    USART_Init                               0x08003d07   Thumb Code   210  stm32f10x_usart.o(.text)
    USART_StructInit                         0x08003dd9   Thumb Code    24  stm32f10x_usart.o(.text)
    USART_ClockInit                          0x08003df1   Thumb Code    34  stm32f10x_usart.o(.text)
    USART_ClockStructInit                    0x08003e13   Thumb Code    12  stm32f10x_usart.o(.text)
    USART_Cmd                                0x08003e1f   Thumb Code    24  stm32f10x_usart.o(.text)
    USART_ITConfig                           0x08003e37   Thumb Code    74  stm32f10x_usart.o(.text)
    USART_DMACmd                             0x08003e81   Thumb Code    18  stm32f10x_usart.o(.text)
    USART_SetAddress                         0x08003e93   Thumb Code    18  stm32f10x_usart.o(.text)
    USART_WakeUpConfig                       0x08003ea5   Thumb Code    18  stm32f10x_usart.o(.text)
    USART_ReceiverWakeUpCmd                  0x08003eb7   Thumb Code    24  stm32f10x_usart.o(.text)
    USART_LINBreakDetectLengthConfig         0x08003ecf   Thumb Code    18  stm32f10x_usart.o(.text)
    USART_LINCmd                             0x08003ee1   Thumb Code    24  stm32f10x_usart.o(.text)
    USART_SendData                           0x08003ef9   Thumb Code     8  stm32f10x_usart.o(.text)
    USART_ReceiveData                        0x08003f01   Thumb Code    10  stm32f10x_usart.o(.text)
    USART_SendBreak                          0x08003f0b   Thumb Code    10  stm32f10x_usart.o(.text)
    USART_SetGuardTime                       0x08003f15   Thumb Code    16  stm32f10x_usart.o(.text)
    USART_SetPrescaler                       0x08003f25   Thumb Code    16  stm32f10x_usart.o(.text)
    USART_SmartCardCmd                       0x08003f35   Thumb Code    24  stm32f10x_usart.o(.text)
    USART_SmartCardNACKCmd                   0x08003f4d   Thumb Code    24  stm32f10x_usart.o(.text)
    USART_HalfDuplexCmd                      0x08003f65   Thumb Code    24  stm32f10x_usart.o(.text)
    USART_OverSampling8Cmd                   0x08003f7d   Thumb Code    22  stm32f10x_usart.o(.text)
    USART_OneBitMethodCmd                    0x08003f93   Thumb Code    24  stm32f10x_usart.o(.text)
    USART_IrDAConfig                         0x08003fab   Thumb Code    18  stm32f10x_usart.o(.text)
    USART_IrDACmd                            0x08003fbd   Thumb Code    24  stm32f10x_usart.o(.text)
    USART_GetFlagStatus                      0x08003fd5   Thumb Code    26  stm32f10x_usart.o(.text)
    USART_ClearFlag                          0x08003fef   Thumb Code    18  stm32f10x_usart.o(.text)
    USART_GetITStatus                        0x08004001   Thumb Code    84  stm32f10x_usart.o(.text)
    USART_ClearITPendingBit                  0x08004055   Thumb Code    52  stm32f10x_usart.o(.text)
    TIM_DeInit                               0x08004089   Thumb Code   424  stm32f10x_tim.o(.text)
    TIM_TimeBaseInit                         0x08004231   Thumb Code   122  stm32f10x_tim.o(.text)
    TIM_OC1Init                              0x080042ab   Thumb Code   132  stm32f10x_tim.o(.text)
    TIM_OC2Init                              0x0800432f   Thumb Code   154  stm32f10x_tim.o(.text)
    TIM_OC3Init                              0x080043c9   Thumb Code   150  stm32f10x_tim.o(.text)
    TIM_OC4Init                              0x0800445f   Thumb Code   182  stm32f10x_tim.o(.text)
    TIM_SetIC4Prescaler                      0x08004515   Thumb Code    26  stm32f10x_tim.o(.text)
    TIM_SetIC3Prescaler                      0x080045b1   Thumb Code    18  stm32f10x_tim.o(.text)
    TIM_SetIC2Prescaler                      0x0800463d   Thumb Code    26  stm32f10x_tim.o(.text)
    TIM_SetIC1Prescaler                      0x080046d9   Thumb Code    18  stm32f10x_tim.o(.text)
    TIM_ICInit                               0x08004757   Thumb Code   150  stm32f10x_tim.o(.text)
    TIM_PWMIConfig                           0x080047ed   Thumb Code   124  stm32f10x_tim.o(.text)
    TIM_BDTRConfig                           0x08004869   Thumb Code    32  stm32f10x_tim.o(.text)
    TIM_TimeBaseStructInit                   0x08004889   Thumb Code    18  stm32f10x_tim.o(.text)
    TIM_OCStructInit                         0x0800489b   Thumb Code    20  stm32f10x_tim.o(.text)
    TIM_ICStructInit                         0x080048af   Thumb Code    18  stm32f10x_tim.o(.text)
    TIM_BDTRStructInit                       0x080048c1   Thumb Code    40  stm32f10x_tim.o(.text)
    TIM_Cmd                                  0x080048e9   Thumb Code    24  stm32f10x_tim.o(.text)
    TIM_CtrlPWMOutputs                       0x08004901   Thumb Code    30  stm32f10x_tim.o(.text)
    TIM_ITConfig                             0x0800491f   Thumb Code    18  stm32f10x_tim.o(.text)
    TIM_GenerateEvent                        0x08004931   Thumb Code     4  stm32f10x_tim.o(.text)
    TIM_DMAConfig                            0x08004935   Thumb Code    10  stm32f10x_tim.o(.text)
    TIM_DMACmd                               0x0800493f   Thumb Code    18  stm32f10x_tim.o(.text)
    TIM_InternalClockConfig                  0x08004951   Thumb Code    12  stm32f10x_tim.o(.text)
    TIM_SelectInputTrigger                   0x0800495d   Thumb Code    18  stm32f10x_tim.o(.text)
    TIM_ITRxExternalClockConfig              0x0800496f   Thumb Code    24  stm32f10x_tim.o(.text)
    TIM_TIxExternalClockConfig               0x08004987   Thumb Code    62  stm32f10x_tim.o(.text)
    TIM_ETRConfig                            0x080049c5   Thumb Code    28  stm32f10x_tim.o(.text)
    TIM_ETRClockMode1Config                  0x080049e1   Thumb Code    54  stm32f10x_tim.o(.text)
    TIM_ETRClockMode2Config                  0x08004a17   Thumb Code    32  stm32f10x_tim.o(.text)
    TIM_PrescalerConfig                      0x08004a37   Thumb Code     6  stm32f10x_tim.o(.text)
    TIM_CounterModeConfig                    0x08004a3d   Thumb Code    18  stm32f10x_tim.o(.text)
    TIM_EncoderInterfaceConfig               0x08004a4f   Thumb Code    66  stm32f10x_tim.o(.text)
    TIM_ForcedOC1Config                      0x08004a91   Thumb Code    18  stm32f10x_tim.o(.text)
    TIM_ForcedOC2Config                      0x08004aa3   Thumb Code    26  stm32f10x_tim.o(.text)
    TIM_ForcedOC3Config                      0x08004abd   Thumb Code    18  stm32f10x_tim.o(.text)
    TIM_ForcedOC4Config                      0x08004acf   Thumb Code    26  stm32f10x_tim.o(.text)
    TIM_ARRPreloadConfig                     0x08004ae9   Thumb Code    24  stm32f10x_tim.o(.text)
    TIM_SelectCOM                            0x08004b01   Thumb Code    24  stm32f10x_tim.o(.text)
    TIM_SelectCCDMA                          0x08004b19   Thumb Code    24  stm32f10x_tim.o(.text)
    TIM_CCPreloadControl                     0x08004b31   Thumb Code    24  stm32f10x_tim.o(.text)
    TIM_OC1PreloadConfig                     0x08004b49   Thumb Code    18  stm32f10x_tim.o(.text)
    TIM_OC2PreloadConfig                     0x08004b5b   Thumb Code    26  stm32f10x_tim.o(.text)
    TIM_OC3PreloadConfig                     0x08004b75   Thumb Code    18  stm32f10x_tim.o(.text)
    TIM_OC4PreloadConfig                     0x08004b87   Thumb Code    26  stm32f10x_tim.o(.text)
    TIM_OC1FastConfig                        0x08004ba1   Thumb Code    18  stm32f10x_tim.o(.text)
    TIM_OC2FastConfig                        0x08004bb3   Thumb Code    26  stm32f10x_tim.o(.text)
    TIM_OC3FastConfig                        0x08004bcd   Thumb Code    18  stm32f10x_tim.o(.text)
    TIM_OC4FastConfig                        0x08004bdf   Thumb Code    26  stm32f10x_tim.o(.text)
    TIM_ClearOC1Ref                          0x08004bf9   Thumb Code    18  stm32f10x_tim.o(.text)
    TIM_ClearOC2Ref                          0x08004c0b   Thumb Code    24  stm32f10x_tim.o(.text)
    TIM_ClearOC3Ref                          0x08004c23   Thumb Code    18  stm32f10x_tim.o(.text)
    TIM_ClearOC4Ref                          0x08004c35   Thumb Code    24  stm32f10x_tim.o(.text)
    TIM_OC1PolarityConfig                    0x08004c4d   Thumb Code    18  stm32f10x_tim.o(.text)
    TIM_OC1NPolarityConfig                   0x08004c5f   Thumb Code    18  stm32f10x_tim.o(.text)
    TIM_OC2PolarityConfig                    0x08004c71   Thumb Code    26  stm32f10x_tim.o(.text)
    TIM_OC2NPolarityConfig                   0x08004c8b   Thumb Code    26  stm32f10x_tim.o(.text)
    TIM_OC3PolarityConfig                    0x08004ca5   Thumb Code    26  stm32f10x_tim.o(.text)
    TIM_OC3NPolarityConfig                   0x08004cbf   Thumb Code    26  stm32f10x_tim.o(.text)
    TIM_OC4PolarityConfig                    0x08004cd9   Thumb Code    26  stm32f10x_tim.o(.text)
    TIM_CCxCmd                               0x08004cf3   Thumb Code    30  stm32f10x_tim.o(.text)
    TIM_CCxNCmd                              0x08004d11   Thumb Code    30  stm32f10x_tim.o(.text)
    TIM_SelectOCxM                           0x08004d2f   Thumb Code    82  stm32f10x_tim.o(.text)
    TIM_UpdateDisableConfig                  0x08004d81   Thumb Code    24  stm32f10x_tim.o(.text)
    TIM_UpdateRequestConfig                  0x08004d99   Thumb Code    24  stm32f10x_tim.o(.text)
    TIM_SelectHallSensor                     0x08004db1   Thumb Code    24  stm32f10x_tim.o(.text)
    TIM_SelectOnePulseMode                   0x08004dc9   Thumb Code    18  stm32f10x_tim.o(.text)
    TIM_SelectOutputTrigger                  0x08004ddb   Thumb Code    18  stm32f10x_tim.o(.text)
    TIM_SelectSlaveMode                      0x08004ded   Thumb Code    18  stm32f10x_tim.o(.text)
    TIM_SelectMasterSlaveMode                0x08004dff   Thumb Code    18  stm32f10x_tim.o(.text)
    TIM_SetCounter                           0x08004e11   Thumb Code     4  stm32f10x_tim.o(.text)
    TIM_SetAutoreload                        0x08004e15   Thumb Code     4  stm32f10x_tim.o(.text)
    TIM_SetCompare1                          0x08004e19   Thumb Code     4  stm32f10x_tim.o(.text)
    TIM_SetCompare2                          0x08004e1d   Thumb Code     4  stm32f10x_tim.o(.text)
    TIM_SetCompare3                          0x08004e21   Thumb Code     4  stm32f10x_tim.o(.text)
    TIM_SetCompare4                          0x08004e25   Thumb Code     6  stm32f10x_tim.o(.text)
    TIM_SetClockDivision                     0x08004e2b   Thumb Code    18  stm32f10x_tim.o(.text)
    TIM_GetCapture1                          0x08004e3d   Thumb Code     6  stm32f10x_tim.o(.text)
    TIM_GetCapture2                          0x08004e43   Thumb Code     6  stm32f10x_tim.o(.text)
    TIM_GetCapture3                          0x08004e49   Thumb Code     6  stm32f10x_tim.o(.text)
    TIM_GetCapture4                          0x08004e4f   Thumb Code     8  stm32f10x_tim.o(.text)
    TIM_GetCounter                           0x08004e57   Thumb Code     6  stm32f10x_tim.o(.text)
    TIM_GetPrescaler                         0x08004e5d   Thumb Code     6  stm32f10x_tim.o(.text)
    TIM_GetFlagStatus                        0x08004e63   Thumb Code    18  stm32f10x_tim.o(.text)
    TIM_ClearFlag                            0x08004e75   Thumb Code     6  stm32f10x_tim.o(.text)
    TIM_GetITStatus                          0x08004e7b   Thumb Code    34  stm32f10x_tim.o(.text)
    TIM_ClearITPendingBit                    0x08004e9d   Thumb Code     6  stm32f10x_tim.o(.text)
    FLASH_SetLatency                         0x08004ea5   Thumb Code    18  stm32f10x_flash.o(.text)
    FLASH_HalfCycleAccessCmd                 0x08004eb7   Thumb Code    22  stm32f10x_flash.o(.text)
    FLASH_PrefetchBufferCmd                  0x08004ecd   Thumb Code    22  stm32f10x_flash.o(.text)
    FLASH_Unlock                             0x08004ee3   Thumb Code    12  stm32f10x_flash.o(.text)
    FLASH_UnlockBank1                        0x08004eef   Thumb Code    12  stm32f10x_flash.o(.text)
    FLASH_Lock                               0x08004efb   Thumb Code    14  stm32f10x_flash.o(.text)
    FLASH_LockBank1                          0x08004f09   Thumb Code    14  stm32f10x_flash.o(.text)
    FLASH_GetBank1Status                     0x08004f17   Thumb Code    48  stm32f10x_flash.o(.text)
    FLASH_WaitForLastOperation               0x08004f47   Thumb Code    38  stm32f10x_flash.o(.text)
    FLASH_ErasePage                          0x08004f6d   Thumb Code    72  stm32f10x_flash.o(.text)
    FLASH_EraseAllPages                      0x08004fb5   Thumb Code    68  stm32f10x_flash.o(.text)
    FLASH_WaitForLastBank1Operation          0x08004ff9   Thumb Code    38  stm32f10x_flash.o(.text)
    FLASH_EraseAllBank1Pages                 0x0800501f   Thumb Code    68  stm32f10x_flash.o(.text)
    FLASH_GetReadOutProtectionStatus         0x08005063   Thumb Code    20  stm32f10x_flash.o(.text)
    FLASH_EraseOptionBytes                   0x08005077   Thumb Code   150  stm32f10x_flash.o(.text)
    FLASH_ProgramWord                        0x0800510d   Thumb Code   102  stm32f10x_flash.o(.text)
    FLASH_ProgramHalfWord                    0x08005173   Thumb Code    60  stm32f10x_flash.o(.text)
    FLASH_ProgramOptionByteData              0x080051af   Thumb Code    72  stm32f10x_flash.o(.text)
    FLASH_EnableWriteProtection              0x080051f7   Thumb Code   200  stm32f10x_flash.o(.text)
    FLASH_ReadOutProtection                  0x080052bf   Thumb Code   156  stm32f10x_flash.o(.text)
    FLASH_UserOptionByteConfig               0x0800535b   Thumb Code    88  stm32f10x_flash.o(.text)
    FLASH_GetUserOptionByte                  0x080053b3   Thumb Code     8  stm32f10x_flash.o(.text)
    FLASH_GetWriteProtectionOptionByte       0x080053bb   Thumb Code     6  stm32f10x_flash.o(.text)
    FLASH_GetPrefetchBufferStatus            0x080053c1   Thumb Code    20  stm32f10x_flash.o(.text)
    FLASH_ITConfig                           0x080053d5   Thumb Code    26  stm32f10x_flash.o(.text)
    FLASH_GetFlagStatus                      0x080053ef   Thumb Code    42  stm32f10x_flash.o(.text)
    FLASH_ClearFlag                          0x08005419   Thumb Code     6  stm32f10x_flash.o(.text)
    FLASH_GetStatus                          0x0800541f   Thumb Code    48  stm32f10x_flash.o(.text)
    IWDG_WriteAccessCmd                      0x08005461   Thumb Code     6  stm32f10x_iwdg.o(.text)
    IWDG_SetPrescaler                        0x08005467   Thumb Code     6  stm32f10x_iwdg.o(.text)
    IWDG_SetReload                           0x0800546d   Thumb Code     6  stm32f10x_iwdg.o(.text)
    IWDG_ReloadCounter                       0x08005473   Thumb Code    10  stm32f10x_iwdg.o(.text)
    IWDG_Enable                              0x0800547d   Thumb Code    10  stm32f10x_iwdg.o(.text)
    IWDG_GetFlagStatus                       0x08005487   Thumb Code    20  stm32f10x_iwdg.o(.text)
    CRC_ResetDR                              0x080054a1   Thumb Code     8  stm32f10x_crc.o(.text)
    CRC_CalcCRC                              0x080054a9   Thumb Code    10  stm32f10x_crc.o(.text)
    CRC_CalcBlockCRC                         0x080054b3   Thumb Code    32  stm32f10x_crc.o(.text)
    CRC_GetCRC                               0x080054d3   Thumb Code     6  stm32f10x_crc.o(.text)
    CRC_SetIDRegister                        0x080054d9   Thumb Code     6  stm32f10x_crc.o(.text)
    CRC_GetIDRegister                        0x080054df   Thumb Code     6  stm32f10x_crc.o(.text)
    __use_no_semihosting                     0x080054e9   Thumb Code     2  use_no_semi_2.o(.text)
    __c89vsprintf                            0x080054ed   Thumb Code    32  c89vsprintf.o(.text)
    __2printf                                0x08005511   Thumb Code    20  __2printf.o(.text)
    __2sprintf                               0x08005529   Thumb Code    38  __2sprintf.o(.text)
    _printf_pre_padding                      0x08005555   Thumb Code    44  _printf_pad.o(.text)
    _printf_post_padding                     0x08005581   Thumb Code    34  _printf_pad.o(.text)
    _printf_str                              0x080055a3   Thumb Code    82  _printf_str.o(.text)
    _printf_int_dec                          0x080055f5   Thumb Code   104  _printf_dec.o(.text)
    __printf                                 0x0800566d   Thumb Code   388  __printf_flags_ss_wp.o(.text)
    atoi                                     0x080057f5   Thumb Code    26  atoi.o(.text)
    strtol                                   0x0800580f   Thumb Code   112  strtol.o(.text)
    strstr                                   0x0800587f   Thumb Code    36  strstr.o(.text)
    strlen                                   0x080058a3   Thumb Code    62  strlen.o(.text)
    __aeabi_memclr4                          0x080058e1   Thumb Code     0  rt_memclr_w.o(.text)
    __aeabi_memclr8                          0x080058e1   Thumb Code     0  rt_memclr_w.o(.text)
    __rt_memclr_w                            0x080058e1   Thumb Code    78  rt_memclr_w.o(.text)
    _memset_w                                0x080058e5   Thumb Code     0  rt_memclr_w.o(.text)
    strncpy                                  0x0800592f   Thumb Code    86  strncpy.o(.text)
    __use_two_region_memory                  0x08005985   Thumb Code     2  heapauxi.o(.text)
    __rt_heap_escrow$2region                 0x08005987   Thumb Code     2  heapauxi.o(.text)
    __rt_heap_expand$2region                 0x08005989   Thumb Code     2  heapauxi.o(.text)
    __I$use$semihosting                      0x0800598b   Thumb Code     0  use_no_semi.o(.text)
    __use_no_semihosting_swi                 0x0800598b   Thumb Code     2  use_no_semi.o(.text)
    __rt_ctype_table                         0x0800598d   Thumb Code    16  rt_ctype_table.o(.text)
    __aeabi_errno_addr                       0x0800599d   Thumb Code     8  rt_errno_addr_intlibspace.o(.text)
    __errno$intlibspace                      0x0800599d   Thumb Code     0  rt_errno_addr_intlibspace.o(.text)
    __rt_errno_addr$intlibspace              0x0800599d   Thumb Code     0  rt_errno_addr_intlibspace.o(.text)
    __read_errno                             0x080059a5   Thumb Code    10  _rserrno.o(.text)
    __set_errno                              0x080059af   Thumb Code    12  _rserrno.o(.text)
    _printf_truncate_signed                  0x080059bb   Thumb Code    18  _printf_truncate.o(.text)
    _printf_truncate_unsigned                0x080059cd   Thumb Code    18  _printf_truncate.o(.text)
    _printf_int_common                       0x080059df   Thumb Code   178  _printf_intcommon.o(.text)
    _printf_charcount                        0x08005a91   Thumb Code    40  _printf_charcount.o(.text)
    __lib_sel_fp_printf                      0x08005ab9   Thumb Code     2  _printf_fp_dec.o(.text)
    _printf_fp_dec_real                      0x08005c67   Thumb Code   620  _printf_fp_dec.o(.text)
    _printf_char_common                      0x08005edf   Thumb Code    32  _printf_char_common.o(.text)
    _sputc                                   0x08005f05   Thumb Code    10  _sputc.o(.text)
    _printf_cs_common                        0x08005f0f   Thumb Code    20  _printf_char.o(.text)
    _printf_char                             0x08005f23   Thumb Code    16  _printf_char.o(.text)
    _printf_string                           0x08005f33   Thumb Code     8  _printf_char.o(.text)
    _printf_char_file                        0x08005f3d   Thumb Code    32  _printf_char_file.o(.text)
    _printf_wctomb                           0x08005f61   Thumb Code   182  _printf_wctomb.o(.text)
    _printf_longlong_dec                     0x0800601d   Thumb Code   108  _printf_longlong_dec.o(.text)
    _printf_longlong_oct                     0x08006099   Thumb Code    66  _printf_oct_int_ll.o(.text)
    _printf_int_oct                          0x080060db   Thumb Code    24  _printf_oct_int_ll.o(.text)
    _printf_ll_oct                           0x080060f3   Thumb Code    12  _printf_oct_int_ll.o(.text)
    _printf_longlong_hex                     0x08006109   Thumb Code    86  _printf_hex_int_ll_ptr.o(.text)
    _printf_int_hex                          0x0800615f   Thumb Code    28  _printf_hex_int_ll_ptr.o(.text)
    _printf_ll_hex                           0x0800617b   Thumb Code    12  _printf_hex_int_ll_ptr.o(.text)
    _printf_hex_ptr                          0x08006187   Thumb Code    18  _printf_hex_int_ll_ptr.o(.text)
    _strtoul                                 0x0800619d   Thumb Code   158  _strtoul.o(.text)
    __strtod_int                             0x08006279   Thumb Code    90  strtod.o(.text)
    __aeabi_memclr                           0x080062e1   Thumb Code     0  rt_memclr.o(.text)
    __rt_memclr                              0x080062e1   Thumb Code    68  rt_memclr.o(.text)
    _memset                                  0x080062e5   Thumb Code     0  rt_memclr.o(.text)
    __user_libspace                          0x08006325   Thumb Code     8  libspace.o(.text)
    __user_perproc_libspace                  0x08006325   Thumb Code     0  libspace.o(.text)
    __user_perthread_libspace                0x08006325   Thumb Code     0  libspace.o(.text)
    __rt_locale                              0x0800632d   Thumb Code     8  rt_locale_intlibspace.o(.text)
    _ll_udiv10                               0x08006335   Thumb Code   138  lludiv10.o(.text)
    isspace                                  0x080063bf   Thumb Code    18  isspace.o(.text)
    _printf_fp_infnan                        0x080063d1   Thumb Code   112  _printf_fp_infnan.o(.text)
    _printf_lcs_common                       0x08006451   Thumb Code    20  _printf_wchar.o(.text)
    _printf_wchar                            0x08006465   Thumb Code    16  _printf_wchar.o(.text)
    _printf_wstring                          0x08006475   Thumb Code     8  _printf_wchar.o(.text)
    _chval                                   0x0800647d   Thumb Code    28  _chval.o(.text)
    _sgetc                                   0x08006499   Thumb Code    30  _sgetc.o(.text)
    _sbackspace                              0x080064b7   Thumb Code    34  _sgetc.o(.text)
    _btod_etento                             0x080064d9   Thumb Code   216  bigflt0.o(.text)
    ferror                                   0x080065b5   Thumb Code     8  ferror.o(.text)
    _wcrtomb                                 0x080065bd   Thumb Code    64  _wcrtomb.o(.text)
    __user_setup_stackheap                   0x080065fd   Thumb Code    74  sys_stackheap_outer.o(.text)
    _scanf_really_real                       0x08006845   Thumb Code   668  scanf_fp.o(.text)
    exit                                     0x08006aed   Thumb Code    18  exit.o(.text)
    strcmp                                   0x08006b01   Thumb Code   128  strcmpv7m.o(.text)
    _scanf_really_hex_real                   0x08006b81   Thumb Code   786  scanf_hexfp.o(.text)
    _scanf_really_infnan                     0x08006ea1   Thumb Code   292  scanf_infnan.o(.text)
    __aeabi_llsl                             0x08006fd5   Thumb Code     0  llshl.o(.text)
    _ll_shift_l                              0x08006fd5   Thumb Code    38  llshl.o(.text)
    _btod_d2e                                0x08006ffb   Thumb Code    62  btod.o(CL$$btod_d2e)
    _d2e_denorm_low                          0x08007039   Thumb Code    70  btod.o(CL$$btod_d2e_denorm_low)
    _d2e_norm_op1                            0x0800707f   Thumb Code    96  btod.o(CL$$btod_d2e_norm_op1)
    __btod_div_common                        0x080070df   Thumb Code   696  btod.o(CL$$btod_div_common)
    _e2d                                     0x08007419   Thumb Code    80  btod.o(CL$$btod_e2d)
    _e2e                                     0x0800746d   Thumb Code   198  btod.o(CL$$btod_e2e)
    _btod_ediv                               0x08007533   Thumb Code    40  btod.o(CL$$btod_ediv)
    _btod_edivd                              0x0800755b   Thumb Code    40  btod.o(CL$$btod_edivd)
    _btod_emul                               0x08007583   Thumb Code    40  btod.o(CL$$btod_emul)
    _btod_emuld                              0x080075ab   Thumb Code    40  btod.o(CL$$btod_emuld)
    __btod_mult_common                       0x080075d3   Thumb Code   580  btod.o(CL$$btod_mult_common)
    __ARM_fpclassify                         0x08007817   Thumb Code    40  fpclassify.o(i.__ARM_fpclassify)
    __ieee754_rem_pio2                       0x08007841   Thumb Code   828  rred.o(i.__ieee754_rem_pio2)
    __kernel_cos                             0x08007bc9   Thumb Code   230  cos_i.o(i.__kernel_cos)
    __kernel_poly                            0x08007cc5   Thumb Code   170  poly.o(i.__kernel_poly)
    __kernel_sin                             0x08007d71   Thumb Code   224  sin_i.o(i.__kernel_sin)
    __mathlib_dbl_divzero                    0x08007e5d   Thumb Code    12  dunder.o(i.__mathlib_dbl_divzero)
    __mathlib_dbl_infnan                     0x08007e6d   Thumb Code     6  dunder.o(i.__mathlib_dbl_infnan)
    __mathlib_dbl_infnan2                    0x08007e73   Thumb Code     4  dunder.o(i.__mathlib_dbl_infnan2)
    __mathlib_dbl_invalid                    0x08007e77   Thumb Code    12  dunder.o(i.__mathlib_dbl_invalid)
    __mathlib_dbl_overflow                   0x08007e83   Thumb Code    14  dunder.o(i.__mathlib_dbl_overflow)
    __mathlib_dbl_underflow                  0x08007e91   Thumb Code    10  dunder.o(i.__mathlib_dbl_underflow)
    __mathlib_narrow                         0x08007ea1   Thumb Code    16  narrow.o(i.__mathlib_narrow)
    __mathlib_tofloat                        0x08007eb1   Thumb Code   132  narrow.o(i.__mathlib_tofloat)
    __support_ldexp                          0x08007f39   Thumb Code    22  ldexp.o(i.__support_ldexp)
    _is_digit                                0x08007f4f   Thumb Code    14  __printf_wp.o(i._is_digit)
    asin                                     0x08007f5d   Thumb Code   572  asin.o(i.asin)
    atan                                     0x080081cd   Thumb Code   474  atan.o(i.atan)
    atan2                                    0x080083ed   Thumb Code   346  atan2.o(i.atan2)
    atof                                     0x0800856d   Thumb Code    42  atof.o(i.atof)
    cos                                      0x08008599   Thumb Code   148  cos.o(i.cos)
    frexp                                    0x08008635   Thumb Code    80  frexp.o(i.frexp)
    ldexp                                    0x0800868d   Thumb Code   116  ldexp.o(i.ldexp)
    pow                                      0x08008701   Thumb Code  2512  pow.o(i.pow)
    sin                                      0x080090d9   Thumb Code   150  sin.o(i.sin)
    sqrt                                     0x08009179   Thumb Code    76  sqrt.o(i.sqrt)
    _get_lc_ctype                            0x080091c5   Thumb Code    44  lc_ctype_c.o(locale$$code)
    _get_lc_numeric                          0x080091f1   Thumb Code    44  lc_numeric_c.o(locale$$code)
    __aeabi_d2f                              0x0800921d   Thumb Code     0  d2f.o(x$fpl$d2f)
    _d2f                                     0x0800921d   Thumb Code    98  d2f.o(x$fpl$d2f)
    __aeabi_dadd                             0x08009281   Thumb Code     0  daddsub_clz.o(x$fpl$dadd)
    _dadd                                    0x08009281   Thumb Code   332  daddsub_clz.o(x$fpl$dadd)
    __fpl_dcheck_NaN1                        0x080093d1   Thumb Code    10  dcheck1.o(x$fpl$dcheck1)
    __fpl_dcmp_Inf                           0x080093e1   Thumb Code    24  dcmpi.o(x$fpl$dcmpinf)
    __aeabi_ddiv                             0x080093f9   Thumb Code     0  ddiv.o(x$fpl$ddiv)
    _ddiv                                    0x080093f9   Thumb Code   552  ddiv.o(x$fpl$ddiv)
    __aeabi_cdcmpeq                          0x080096a9   Thumb Code     0  deqf.o(x$fpl$deqf)
    _dcmpeq                                  0x080096a9   Thumb Code   120  deqf.o(x$fpl$deqf)
    __aeabi_d2iz                             0x08009721   Thumb Code     0  dfix.o(x$fpl$dfix)
    _dfix                                    0x08009721   Thumb Code    94  dfix.o(x$fpl$dfix)
    __aeabi_d2uiz                            0x08009781   Thumb Code     0  dfixu.o(x$fpl$dfixu)
    _dfixu                                   0x08009781   Thumb Code    90  dfixu.o(x$fpl$dfixu)
    __aeabi_i2d                              0x080097db   Thumb Code     0  dflt_clz.o(x$fpl$dflt)
    _dflt                                    0x080097db   Thumb Code    46  dflt_clz.o(x$fpl$dflt)
    __aeabi_ui2d                             0x08009809   Thumb Code     0  dflt_clz.o(x$fpl$dfltu)
    _dfltu                                   0x08009809   Thumb Code    38  dflt_clz.o(x$fpl$dfltu)
    __aeabi_cdcmple                          0x08009831   Thumb Code     0  dleqf.o(x$fpl$dleqf)
    _dcmple                                  0x08009831   Thumb Code   120  dleqf.o(x$fpl$dleqf)
    __fpl_dcmple_InfNaN                      0x08009893   Thumb Code     0  dleqf.o(x$fpl$dleqf)
    __aeabi_dmul                             0x080098a9   Thumb Code     0  dmul.o(x$fpl$dmul)
    _dmul                                    0x080098a9   Thumb Code   332  dmul.o(x$fpl$dmul)
    __fpl_dnaninf                            0x080099fd   Thumb Code   156  dnaninf.o(x$fpl$dnaninf)
    __fpl_dretinf                            0x08009a99   Thumb Code    12  dretinf.o(x$fpl$dretinf)
    __aeabi_cdrcmple                         0x08009aa5   Thumb Code     0  drleqf.o(x$fpl$drleqf)
    _drcmple                                 0x08009aa5   Thumb Code   108  drleqf.o(x$fpl$drleqf)
    __aeabi_drsub                            0x08009b11   Thumb Code     0  daddsub_clz.o(x$fpl$drsb)
    _drsb                                    0x08009b11   Thumb Code    22  daddsub_clz.o(x$fpl$drsb)
    _dsqrt                                   0x08009b29   Thumb Code   456  dsqrt_noumaal.o(x$fpl$dsqrt)
    __aeabi_dsub                             0x08009cf5   Thumb Code     0  daddsub_clz.o(x$fpl$dsub)
    _dsub                                    0x08009cf5   Thumb Code   464  daddsub_clz.o(x$fpl$dsub)
    __fpl_fretinf                            0x08009ec9   Thumb Code    10  fretinf.o(x$fpl$fretinf)
    _printf_fp_dec                           0x08009ed3   Thumb Code     4  printf1.o(x$fpl$printf1)
    __fpl_return_NaN                         0x08009ed7   Thumb Code   100  retnan.o(x$fpl$retnan)
    __ARM_scalbn                             0x08009f3b   Thumb Code    92  scalbn.o(x$fpl$scalbn)
    _scanf_real                              0x08009f97   Thumb Code     4  scanf1.o(x$fpl$scanf1)
    _scanf_hex_real                          0x08009f9b   Thumb Code     4  scanf2.o(x$fpl$scanf2)
    _scanf_infnan                            0x08009f9f   Thumb Code     4  scanf2.o(x$fpl$scanf2)
    __fpl_cmpreturn                          0x08009fa3   Thumb Code    48  trapv.o(x$fpl$trapveneer)
    ADDR                                     0x08009fd2   Data          22  sim868.o(.constdata)
    __I$use$fp                               0x08009fd2   Number         0  usenofp.o(x$fpl$usenofp)
    __mathlib_zero                           0x0800a1d0   Data           8  qnan.o(.constdata)
    Region$$Table$$Base                      0x0800a368   Number         0  anon$$obj.o(Region$$Table)
    Region$$Table$$Limit                     0x0800a388   Number         0  anon$$obj.o(Region$$Table)
    __aeabi_HUGE_VAL                         0x0800a388   Data           0  fpconst.o(c$$dinf)
    __aeabi_HUGE_VALL                        0x0800a388   Data           0  fpconst.o(c$$dinf)
    __aeabi_INFINITY                         0x0800a388   Data           0  fpconst.o(c$$dinf)
    __dInf                                   0x0800a388   Data           0  fpconst.o(c$$dinf)
    __huge_val                               0x0800a388   Data           0  fpconst.o(c$$dinf)
    __ctype                                  0x0800a39d   Data           0  lc_ctype_c.o(locale$$data)
    SystemCoreClock                          0x20000000   Data           4  system_stm32f10x.o(.data)
    AHBPrescTable                            0x20000004   Data          16  system_stm32f10x.o(.data)
    MeanwhileHeart                           0x20000018   Data           4  timer.o(.data)
    GPS_Upload                               0x2000001c   Data           4  timer.o(.data)
    LatNow                                   0x20000020   Data           8  timer.o(.data)
    LonNow                                   0x20000028   Data           8  timer.o(.data)
    LatOld                                   0x20000030   Data           8  timer.o(.data)
    LonOld                                   0x20000038   Data           8  timer.o(.data)
    Spend_Now                                0x20000040   Data           8  timer.o(.data)
    GPS_invalidtimes                         0x20000048   Data           4  timer.o(.data)
    Upload_Time                              0x2000004c   Data           4  timer.o(.data)
    Heartbeat_Upload                         0x20000050   Data           4  timer.o(.data)
    submit_info_flag                         0x20000054   Data           1  timer.o(.data)
    GPS_PACK                                 0x20000055   Data           1  timer.o(.data)
    waitservice_flag                         0x20000056   Data           1  timer.o(.data)
    LEDshine_flag                            0x20000057   Data           1  timer.o(.data)
    dabao                                    0x20000058   Data           1  timer.o(.data)
    signalQuality                            0x20000090   Data           4  stmflash.o(.data)
    receive_len                              0x20000098   Data           2  usart3.o(.data)
    USART1_RX_STA                            0x2000009a   Data           2  usart3.o(.data)
    startNum                                 0x2000009c   Data           4  usart3.o(.data)
    stringNum                                0x200000a0   Data           1  usart3.o(.data)
    GNRMC                                    0x200000a4   Data           4  usart3.o(.data)
    UTCTime                                  0x200000a8   Data           7  usart3.o(.data)
    UTCTime_year                             0x200000af   Data           7  usart3.o(.data)
    La_Position                              0x200000b6   Data           2  usart3.o(.data)
    Lo_Position                              0x200000b8   Data           2  usart3.o(.data)
    Latitude_Temp                            0x200000c0   Data           8  usart3.o(.data)
    Baidu_Latitude_Temp                      0x200000c8   Data           8  usart3.o(.data)
    Longitude_Temp                           0x200000d0   Data           8  usart3.o(.data)
    Baidu_Longitude_Temp                     0x200000d8   Data           8  usart3.o(.data)
    Drift_speed                              0x200000e0   Data           8  usart3.o(.data)
    GPS_array_Count                          0x200000e8   Data           1  usart3.o(.data)
    GPS_effective                            0x200000e9   Data           1  usart3.o(.data)
    GPS_receive                              0x200000ea   Data           1  usart3.o(.data)
    GPSState                                 0x200000ec   Data           4  usart3.o(.data)
    Pack_length                              0x200000f0   Data           1  usart3.o(.data)
    distance                                 0x200000f8   Data           8  usart3.o(.data)
    GPS_unspecified_time                     0x20000100   Data           2  usart3.o(.data)
    firstsend_flag                           0x20000102   Data           1  sim868.o(.data)
    Continue_Post_Errotimes                  0x20000103   Data           1  sim868.o(.data)
    Post_Errotimes                           0x20000104   Data           1  sim868.o(.data)
    Heart_error                              0x20000105   Data           1  sim868.o(.data)
    deviceState                              0x20000106   Data           1  sim868.o(.data)
    GPRS_status                              0x20000107   Data           1  sim868.o(.data)
    POSTDATA                                 0x20000108   Data        1000  sim868.o(.data)
    SendType                                 0x200004f0   Data           1  sim868.o(.data)
    isSendData                               0x200004f1   Data           1  sim868.o(.data)
    isSendDataError                          0x200004f2   Data           1  sim868.o(.data)
    __stdout                                 0x200004f8   Data           4  usart.o(.data)
    USART_RX_STA                             0x200004fc   Data           2  usart.o(.data)
    datatemp                                 0x20000514   Data         100  stmflash.o(.bss)
    TEXT_Buffer_1                            0x20000578   Data         100  stmflash.o(.bss)
    STMFLASH_BUF                             0x200005dc   Data        2048  stmflash.o(.bss)
    u3_time_Pack                             0x20000de0   Data          50  usart3.o(.bss)
    USART3_RX_BUF                            0x20000e12   Data        5000  usart3.o(.bss)
    string                                   0x2000219c   Data          80  usart3.o(.bss)
    Longitude_Str                            0x200021ec   Data          11  usart3.o(.bss)
    Latitude_Str                             0x200021f7   Data          10  usart3.o(.bss)
    Ground_speed                             0x20002201   Data          10  usart3.o(.bss)
    Azimuth                                  0x2000220b   Data          10  usart3.o(.bss)
    BaiduLongitude_Range                     0x20002218   Data          80  usart3.o(.bss)
    BaiduLatitude_Range                      0x20002268   Data          80  usart3.o(.bss)
    Speed_Range                              0x200022b8   Data          80  usart3.o(.bss)
    sysData_Pack                             0x20002308   Data          28  usart3.o(.bss)
    u1_data_Pack                             0x20002328   Data        7086  sim868.o(.bss)
    LBS_PACK                                 0x20003ed8   Data          56  sim868.o(.bss)
    p1                                       0x20003f10   Data         300  sim868.o(.bss)
    USART_RX_BUF                             0x2000403c   Data         200  usart.o(.bss)
    __libspace_start                         0x20004104   Data          96  libspace.o(.bss)
    __temporary_stack_top$libspace           0x20004164   Data           0  libspace.o(.bss)



==============================================================================

Memory Map of the image

  Image Entry point : 0x08000131

  Load Region LR_IROM1 (Base: 0x08000000, Size: 0x0000a9d0, Max: 0x00010000, ABSOLUTE, COMPRESSED[0x0000a568])

    Execution Region ER_IROM1 (Base: 0x08000000, Size: 0x0000a4bc, Max: 0x00010000, ABSOLUTE)

    Base Addr    Size         Type   Attr      Idx    E Section Name        Object

    0x08000000   0x00000130   Data   RO          438    RESET               startup_stm32f10x_hd.o
    0x08000130   0x00000008   Code   RO          601  * !!!main             c_w.l(__main.o)
    0x08000138   0x00000034   Code   RO         1096    !!!scatter          c_w.l(__scatter.o)
    0x0800016c   0x0000005a   Code   RO         1094    !!dczerorl2         c_w.l(__dczerorl2.o)
    0x080001c6   0x00000002   PAD
    0x080001c8   0x0000001c   Code   RO         1098    !!handler_zi        c_w.l(__scatter_zi.o)
    0x080001e4   0x00000000   Code   RO          586    .ARM.Collect$$_printf_percent$$00000000  c_w.l(_printf_percent.o)
    0x080001e4   0x00000006   Code   RO          752    .ARM.Collect$$_printf_percent$$00000001  c_w.l(_printf_n.o)
    0x080001ea   0x00000006   Code   RO          754    .ARM.Collect$$_printf_percent$$00000002  c_w.l(_printf_p.o)
    0x080001f0   0x00000006   Code   RO          585    .ARM.Collect$$_printf_percent$$00000003  c_w.l(_printf_f.o)
    0x080001f6   0x00000006   Code   RO          758    .ARM.Collect$$_printf_percent$$00000004  c_w.l(_printf_e.o)
    0x080001fc   0x00000006   Code   RO          759    .ARM.Collect$$_printf_percent$$00000005  c_w.l(_printf_g.o)
    0x08000202   0x00000006   Code   RO          760    .ARM.Collect$$_printf_percent$$00000006  c_w.l(_printf_a.o)
    0x08000208   0x0000000a   Code   RO          765    .ARM.Collect$$_printf_percent$$00000007  c_w.l(_printf_ll.o)
    0x08000212   0x00000006   Code   RO          756    .ARM.Collect$$_printf_percent$$00000008  c_w.l(_printf_i.o)
    0x08000218   0x00000006   Code   RO          584    .ARM.Collect$$_printf_percent$$00000009  c_w.l(_printf_d.o)
    0x0800021e   0x00000006   Code   RO          757    .ARM.Collect$$_printf_percent$$0000000A  c_w.l(_printf_u.o)
    0x08000224   0x00000006   Code   RO          755    .ARM.Collect$$_printf_percent$$0000000B  c_w.l(_printf_o.o)
    0x0800022a   0x00000006   Code   RO          753    .ARM.Collect$$_printf_percent$$0000000C  c_w.l(_printf_x.o)
    0x08000230   0x00000006   Code   RO          762    .ARM.Collect$$_printf_percent$$0000000D  c_w.l(_printf_lli.o)
    0x08000236   0x00000006   Code   RO          763    .ARM.Collect$$_printf_percent$$0000000E  c_w.l(_printf_lld.o)
    0x0800023c   0x00000006   Code   RO          764    .ARM.Collect$$_printf_percent$$0000000F  c_w.l(_printf_llu.o)
    0x08000242   0x00000006   Code   RO          769    .ARM.Collect$$_printf_percent$$00000010  c_w.l(_printf_llo.o)
    0x08000248   0x00000006   Code   RO          770    .ARM.Collect$$_printf_percent$$00000011  c_w.l(_printf_llx.o)
    0x0800024e   0x0000000a   Code   RO          766    .ARM.Collect$$_printf_percent$$00000012  c_w.l(_printf_l.o)
    0x08000258   0x00000006   Code   RO          751    .ARM.Collect$$_printf_percent$$00000013  c_w.l(_printf_c.o)
    0x0800025e   0x00000006   Code   RO          583    .ARM.Collect$$_printf_percent$$00000014  c_w.l(_printf_s.o)
    0x08000264   0x00000006   Code   RO          767    .ARM.Collect$$_printf_percent$$00000015  c_w.l(_printf_lc.o)
    0x0800026a   0x00000006   Code   RO          768    .ARM.Collect$$_printf_percent$$00000016  c_w.l(_printf_ls.o)
    0x08000270   0x00000004   Code   RO          761    .ARM.Collect$$_printf_percent$$00000017  c_w.l(_printf_percent_end.o)
    0x08000274   0x00000002   Code   RO          924    .ARM.Collect$$libinit$$00000000  c_w.l(libinit.o)
    0x08000276   0x00000000   Code   RO          926    .ARM.Collect$$libinit$$00000002  c_w.l(libinit2.o)
    0x08000276   0x00000000   Code   RO          928    .ARM.Collect$$libinit$$00000004  c_w.l(libinit2.o)
    0x08000276   0x00000000   Code   RO          931    .ARM.Collect$$libinit$$0000000A  c_w.l(libinit2.o)
    0x08000276   0x00000000   Code   RO          933    .ARM.Collect$$libinit$$0000000C  c_w.l(libinit2.o)
    0x08000276   0x00000000   Code   RO          935    .ARM.Collect$$libinit$$0000000E  c_w.l(libinit2.o)
    0x08000276   0x00000006   Code   RO          936    .ARM.Collect$$libinit$$0000000F  c_w.l(libinit2.o)
    0x0800027c   0x00000000   Code   RO          938    .ARM.Collect$$libinit$$00000011  c_w.l(libinit2.o)
    0x0800027c   0x0000000c   Code   RO          939    .ARM.Collect$$libinit$$00000012  c_w.l(libinit2.o)
    0x08000288   0x00000000   Code   RO          940    .ARM.Collect$$libinit$$00000013  c_w.l(libinit2.o)
    0x08000288   0x00000000   Code   RO          942    .ARM.Collect$$libinit$$00000015  c_w.l(libinit2.o)
    0x08000288   0x0000000a   Code   RO          943    .ARM.Collect$$libinit$$00000016  c_w.l(libinit2.o)
    0x08000292   0x00000000   Code   RO          944    .ARM.Collect$$libinit$$00000017  c_w.l(libinit2.o)
    0x08000292   0x00000000   Code   RO          946    .ARM.Collect$$libinit$$00000019  c_w.l(libinit2.o)
    0x08000292   0x00000000   Code   RO          948    .ARM.Collect$$libinit$$0000001B  c_w.l(libinit2.o)
    0x08000292   0x00000000   Code   RO          950    .ARM.Collect$$libinit$$0000001D  c_w.l(libinit2.o)
    0x08000292   0x00000000   Code   RO          952    .ARM.Collect$$libinit$$0000001F  c_w.l(libinit2.o)
    0x08000292   0x00000000   Code   RO          954    .ARM.Collect$$libinit$$00000021  c_w.l(libinit2.o)
    0x08000292   0x00000000   Code   RO          956    .ARM.Collect$$libinit$$00000023  c_w.l(libinit2.o)
    0x08000292   0x00000000   Code   RO          958    .ARM.Collect$$libinit$$00000025  c_w.l(libinit2.o)
    0x08000292   0x00000000   Code   RO          962    .ARM.Collect$$libinit$$0000002C  c_w.l(libinit2.o)
    0x08000292   0x00000000   Code   RO          964    .ARM.Collect$$libinit$$0000002E  c_w.l(libinit2.o)
    0x08000292   0x00000000   Code   RO          966    .ARM.Collect$$libinit$$00000030  c_w.l(libinit2.o)
    0x08000292   0x00000000   Code   RO          968    .ARM.Collect$$libinit$$00000032  c_w.l(libinit2.o)
    0x08000292   0x00000002   Code   RO          969    .ARM.Collect$$libinit$$00000033  c_w.l(libinit2.o)
    0x08000294   0x00000002   Code   RO         1030    .ARM.Collect$$libshutdown$$00000000  c_w.l(libshutdown.o)
    0x08000296   0x00000000   Code   RO         1053    .ARM.Collect$$libshutdown$$00000002  c_w.l(libshutdown2.o)
    0x08000296   0x00000000   Code   RO         1055    .ARM.Collect$$libshutdown$$00000004  c_w.l(libshutdown2.o)
    0x08000296   0x00000000   Code   RO         1058    .ARM.Collect$$libshutdown$$00000007  c_w.l(libshutdown2.o)
    0x08000296   0x00000000   Code   RO         1061    .ARM.Collect$$libshutdown$$0000000A  c_w.l(libshutdown2.o)
    0x08000296   0x00000000   Code   RO         1063    .ARM.Collect$$libshutdown$$0000000C  c_w.l(libshutdown2.o)
    0x08000296   0x00000000   Code   RO         1066    .ARM.Collect$$libshutdown$$0000000F  c_w.l(libshutdown2.o)
    0x08000296   0x00000002   Code   RO         1067    .ARM.Collect$$libshutdown$$00000010  c_w.l(libshutdown2.o)
    0x08000298   0x00000000   Code   RO          693    .ARM.Collect$$rtentry$$00000000  c_w.l(__rtentry.o)
    0x08000298   0x00000000   Code   RO          835    .ARM.Collect$$rtentry$$00000002  c_w.l(__rtentry2.o)
    0x08000298   0x00000006   Code   RO          847    .ARM.Collect$$rtentry$$00000004  c_w.l(__rtentry4.o)
    0x0800029e   0x00000000   Code   RO          837    .ARM.Collect$$rtentry$$00000009  c_w.l(__rtentry2.o)
    0x0800029e   0x00000004   Code   RO          838    .ARM.Collect$$rtentry$$0000000A  c_w.l(__rtentry2.o)
    0x080002a2   0x00000000   Code   RO          840    .ARM.Collect$$rtentry$$0000000C  c_w.l(__rtentry2.o)
    0x080002a2   0x00000008   Code   RO          841    .ARM.Collect$$rtentry$$0000000D  c_w.l(__rtentry2.o)
    0x080002aa   0x00000002   Code   RO          972    .ARM.Collect$$rtexit$$00000000  c_w.l(rtexit.o)
    0x080002ac   0x00000000   Code   RO          996    .ARM.Collect$$rtexit$$00000002  c_w.l(rtexit2.o)
    0x080002ac   0x00000004   Code   RO          997    .ARM.Collect$$rtexit$$00000003  c_w.l(rtexit2.o)
    0x080002b0   0x00000006   Code   RO          998    .ARM.Collect$$rtexit$$00000004  c_w.l(rtexit2.o)
    0x080002b6   0x00000002   PAD
    0x080002b8   0x000001f0   Code   RO            1    .text               main.o
    0x080004a8   0x0000001a   Code   RO          143    .text               stm32f10x_it.o
    0x080004c2   0x00000002   PAD
    0x080004c4   0x000001e0   Code   RO          184    .text               system_stm32f10x.o
    0x080006a4   0x00000054   Code   RO          202    .text               led.o
    0x080006f8   0x00000318   Code   RO          227    .text               timer.o
    0x08000a10   0x00000a04   Code   RO          248    .text               conversion.o
    0x08001414   0x000004e0   Code   RO          269    .text               stmflash.o
    0x080018f4   0x0000002c   Code   RO          288    .text               iwdg.o
    0x08001920   0x00000834   Code   RO          300    .text               usart3.o
    0x08002154   0x00000f90   Code   RO          326    .text               sim868.o
    0x080030e4   0x00000168   Code   RO          353    .text               usart_1.o
    0x0800324c   0x000000d4   Code   RO          372    .text               delay.o
    0x08003320   0x00000144   Code   RO          403    .text               usart.o
    0x08003464   0x00000040   Code   RO          439    .text               startup_stm32f10x_hd.o
    0x080034a4   0x000000dc   Code   RO          443    .text               misc.o
    0x08003580   0x0000035c   Code   RO          455    .text               stm32f10x_gpio.o
    0x080038dc   0x000003a4   Code   RO          467    .text               stm32f10x_rcc.o
    0x08003c80   0x00000408   Code   RO          481    .text               stm32f10x_usart.o
    0x08004088   0x00000e1a   Code   RO          493    .text               stm32f10x_tim.o
    0x08004ea2   0x00000002   PAD
    0x08004ea4   0x000005bc   Code   RO          505    .text               stm32f10x_flash.o
    0x08005460   0x00000040   Code   RO          517    .text               stm32f10x_iwdg.o
    0x080054a0   0x00000048   Code   RO          529    .text               stm32f10x_crc.o
    0x080054e8   0x00000002   Code   RO          543    .text               c_w.l(use_no_semi_2.o)
    0x080054ea   0x00000002   PAD
    0x080054ec   0x00000024   Code   RO          545    .text               c_w.l(c89vsprintf.o)
    0x08005510   0x00000018   Code   RO          547    .text               c_w.l(__2printf.o)
    0x08005528   0x0000002c   Code   RO          549    .text               c_w.l(__2sprintf.o)
    0x08005554   0x0000004e   Code   RO          557    .text               c_w.l(_printf_pad.o)
    0x080055a2   0x00000052   Code   RO          559    .text               c_w.l(_printf_str.o)
    0x080055f4   0x00000078   Code   RO          561    .text               c_w.l(_printf_dec.o)
    0x0800566c   0x00000188   Code   RO          580    .text               c_w.l(__printf_flags_ss_wp.o)
    0x080057f4   0x0000001a   Code   RO          587    .text               c_w.l(atoi.o)
    0x0800580e   0x00000070   Code   RO          589    .text               c_w.l(strtol.o)
    0x0800587e   0x00000024   Code   RO          591    .text               c_w.l(strstr.o)
    0x080058a2   0x0000003e   Code   RO          593    .text               c_w.l(strlen.o)
    0x080058e0   0x0000004e   Code   RO          595    .text               c_w.l(rt_memclr_w.o)
    0x0800592e   0x00000056   Code   RO          597    .text               c_w.l(strncpy.o)
    0x08005984   0x00000006   Code   RO          599    .text               c_w.l(heapauxi.o)
    0x0800598a   0x00000002   Code   RO          691    .text               c_w.l(use_no_semi.o)
    0x0800598c   0x00000010   Code   RO          694    .text               c_w.l(rt_ctype_table.o)
    0x0800599c   0x00000008   Code   RO          699    .text               c_w.l(rt_errno_addr_intlibspace.o)
    0x080059a4   0x00000016   Code   RO          701    .text               c_w.l(_rserrno.o)
    0x080059ba   0x00000024   Code   RO          703    .text               c_w.l(_printf_truncate.o)
    0x080059de   0x000000b2   Code   RO          705    .text               c_w.l(_printf_intcommon.o)
    0x08005a90   0x00000028   Code   RO          707    .text               c_w.l(_printf_charcount.o)
    0x08005ab8   0x0000041a   Code   RO          709    .text               c_w.l(_printf_fp_dec.o)
    0x08005ed2   0x00000002   PAD
    0x08005ed4   0x00000030   Code   RO          711    .text               c_w.l(_printf_char_common.o)
    0x08005f04   0x0000000a   Code   RO          713    .text               c_w.l(_sputc.o)
    0x08005f0e   0x0000002c   Code   RO          715    .text               c_w.l(_printf_char.o)
    0x08005f3a   0x00000002   PAD
    0x08005f3c   0x00000024   Code   RO          717    .text               c_w.l(_printf_char_file.o)
    0x08005f60   0x000000bc   Code   RO          719    .text               c_w.l(_printf_wctomb.o)
    0x0800601c   0x0000007c   Code   RO          722    .text               c_w.l(_printf_longlong_dec.o)
    0x08006098   0x00000070   Code   RO          728    .text               c_w.l(_printf_oct_int_ll.o)
    0x08006108   0x00000094   Code   RO          748    .text               c_w.l(_printf_hex_int_ll_ptr.o)
    0x0800619c   0x0000009e   Code   RO          771    .text               c_w.l(_strtoul.o)
    0x0800623a   0x00000002   PAD
    0x0800623c   0x000000a4   Code   RO          773    .text               c_w.l(strtod.o)
    0x080062e0   0x00000044   Code   RO          775    .text               c_w.l(rt_memclr.o)
    0x08006324   0x00000008   Code   RO          831    .text               c_w.l(libspace.o)
    0x0800632c   0x00000008   Code   RO          852    .text               c_w.l(rt_locale_intlibspace.o)
    0x08006334   0x0000008a   Code   RO          854    .text               c_w.l(lludiv10.o)
    0x080063be   0x00000012   Code   RO          856    .text               c_w.l(isspace.o)
    0x080063d0   0x00000080   Code   RO          858    .text               c_w.l(_printf_fp_infnan.o)
    0x08006450   0x0000002c   Code   RO          862    .text               c_w.l(_printf_wchar.o)
    0x0800647c   0x0000001c   Code   RO          864    .text               c_w.l(_chval.o)
    0x08006498   0x00000040   Code   RO          866    .text               c_w.l(_sgetc.o)
    0x080064d8   0x000000dc   Code   RO          868    .text               c_w.l(bigflt0.o)
    0x080065b4   0x00000008   Code   RO          893    .text               c_w.l(ferror.o)
    0x080065bc   0x00000040   Code   RO          897    .text               c_w.l(_wcrtomb.o)
    0x080065fc   0x0000004a   Code   RO          911    .text               c_w.l(sys_stackheap_outer.o)
    0x08006646   0x00000002   PAD
    0x08006648   0x000004a4   Code   RO          913    .text               c_w.l(scanf_fp.o)
    0x08006aec   0x00000012   Code   RO          915    .text               c_w.l(exit.o)
    0x08006afe   0x00000002   PAD
    0x08006b00   0x00000080   Code   RO          917    .text               c_w.l(strcmpv7m.o)
    0x08006b80   0x00000320   Code   RO         1002    .text               c_w.l(scanf_hexfp.o)
    0x08006ea0   0x00000134   Code   RO         1004    .text               c_w.l(scanf_infnan.o)
    0x08006fd4   0x00000026   Code   RO         1022    .text               c_w.l(llshl.o)
    0x08006ffa   0x0000003e   Code   RO          871    CL$$btod_d2e        c_w.l(btod.o)
    0x08007038   0x00000046   Code   RO          873    CL$$btod_d2e_denorm_low  c_w.l(btod.o)
    0x0800707e   0x00000060   Code   RO          872    CL$$btod_d2e_norm_op1  c_w.l(btod.o)
    0x080070de   0x00000338   Code   RO          881    CL$$btod_div_common  c_w.l(btod.o)
    0x08007416   0x00000002   PAD
    0x08007418   0x00000054   Code   RO          879    CL$$btod_e2d        c_w.l(btod.o)
    0x0800746c   0x000000c6   Code   RO          878    CL$$btod_e2e        c_w.l(btod.o)
    0x08007532   0x00000028   Code   RO          875    CL$$btod_ediv       c_w.l(btod.o)
    0x0800755a   0x00000028   Code   RO          877    CL$$btod_edivd      c_w.l(btod.o)
    0x08007582   0x00000028   Code   RO          874    CL$$btod_emul       c_w.l(btod.o)
    0x080075aa   0x00000028   Code   RO          876    CL$$btod_emuld      c_w.l(btod.o)
    0x080075d2   0x00000244   Code   RO          880    CL$$btod_mult_common  c_w.l(btod.o)
    0x08007816   0x00000028   Code   RO          815    i.__ARM_fpclassify  m_ws.l(fpclassify.o)
    0x0800783e   0x00000002   PAD
    0x08007840   0x00000388   Code   RO          820    i.__ieee754_rem_pio2  m_ws.l(rred.o)
    0x08007bc8   0x000000fc   Code   RO          798    i.__kernel_cos      m_ws.l(cos_i.o)
    0x08007cc4   0x000000aa   Code   RO          817    i.__kernel_poly     m_ws.l(poly.o)
    0x08007d6e   0x00000002   PAD
    0x08007d70   0x000000ec   Code   RO          825    i.__kernel_sin      m_ws.l(sin_i.o)
    0x08007e5c   0x00000010   Code   RO          801    i.__mathlib_dbl_divzero  m_ws.l(dunder.o)
    0x08007e6c   0x00000006   Code   RO          802    i.__mathlib_dbl_infnan  m_ws.l(dunder.o)
    0x08007e72   0x00000004   Code   RO          803    i.__mathlib_dbl_infnan2  m_ws.l(dunder.o)
    0x08007e76   0x0000000c   Code   RO          804    i.__mathlib_dbl_invalid  m_ws.l(dunder.o)
    0x08007e82   0x0000000e   Code   RO          805    i.__mathlib_dbl_overflow  m_ws.l(dunder.o)
    0x08007e90   0x00000010   Code   RO          807    i.__mathlib_dbl_underflow  m_ws.l(dunder.o)
    0x08007ea0   0x00000010   Code   RO          989    i.__mathlib_narrow  m_ws.l(narrow.o)
    0x08007eb0   0x00000088   Code   RO          990    i.__mathlib_tofloat  m_ws.l(narrow.o)
    0x08007f38   0x00000016   Code   RO         1034    i.__support_ldexp   m_ws.l(ldexp.o)
    0x08007f4e   0x0000000e   Code   RO          573    i._is_digit         c_w.l(__printf_wp.o)
    0x08007f5c   0x00000270   Code   RO          636    i.asin              m_ws.l(asin.o)
    0x080081cc   0x00000220   Code   RO          789    i.atan              m_ws.l(atan.o)
    0x080083ec   0x00000180   Code   RO          646    i.atan2             m_ws.l(atan2.o)
    0x0800856c   0x0000002a   Code   RO          654    i.atof              m_ws.l(atof.o)
    0x08008596   0x00000002   PAD
    0x08008598   0x0000009c   Code   RO          658    i.cos               m_ws.l(cos.o)
    0x08008634   0x00000058   Code   RO         1015    i.frexp             m_ws.l(frexp.o)
    0x0800868c   0x00000074   Code   RO         1035    i.ldexp             m_ws.l(ldexp.o)
    0x08008700   0x000009d8   Code   RO          666    i.pow               m_ws.l(pow.o)
    0x080090d8   0x000000a0   Code   RO          676    i.sin               m_ws.l(sin.o)
    0x08009178   0x0000004c   Code   RO          684    i.sqrt              m_ws.l(sqrt.o)
    0x080091c4   0x0000002c   Code   RO          900    locale$$code        c_w.l(lc_ctype_c.o)
    0x080091f0   0x0000002c   Code   RO          903    locale$$code        c_w.l(lc_numeric_c.o)
    0x0800921c   0x00000062   Code   RO         1010    x$fpl$d2f           fz_ws.l(d2f.o)
    0x0800927e   0x00000002   PAD
    0x08009280   0x00000150   Code   RO          603    x$fpl$dadd          fz_ws.l(daddsub_clz.o)
    0x080093d0   0x00000010   Code   RO          905    x$fpl$dcheck1       fz_ws.l(dcheck1.o)
    0x080093e0   0x00000018   Code   RO          777    x$fpl$dcmpinf       fz_ws.l(dcmpi.o)
    0x080093f8   0x000002b0   Code   RO          610    x$fpl$ddiv          fz_ws.l(ddiv.o)
    0x080096a8   0x00000078   Code   RO         1012    x$fpl$deqf          fz_ws.l(deqf.o)
    0x08009720   0x0000005e   Code   RO          613    x$fpl$dfix          fz_ws.l(dfix.o)
    0x0800977e   0x00000002   PAD
    0x08009780   0x0000005a   Code   RO          617    x$fpl$dfixu         fz_ws.l(dfixu.o)
    0x080097da   0x0000002e   Code   RO          622    x$fpl$dflt          fz_ws.l(dflt_clz.o)
    0x08009808   0x00000026   Code   RO          621    x$fpl$dfltu         fz_ws.l(dflt_clz.o)
    0x0800982e   0x00000002   PAD
    0x08009830   0x00000078   Code   RO          627    x$fpl$dleqf         fz_ws.l(dleqf.o)
    0x080098a8   0x00000154   Code   RO          629    x$fpl$dmul          fz_ws.l(dmul.o)
    0x080099fc   0x0000009c   Code   RO          779    x$fpl$dnaninf       fz_ws.l(dnaninf.o)
    0x08009a98   0x0000000c   Code   RO          781    x$fpl$dretinf       fz_ws.l(dretinf.o)
    0x08009aa4   0x0000006c   Code   RO          631    x$fpl$drleqf        fz_ws.l(drleqf.o)
    0x08009b10   0x00000016   Code   RO          604    x$fpl$drsb          fz_ws.l(daddsub_clz.o)
    0x08009b26   0x00000002   PAD
    0x08009b28   0x000001cc   Code   RO          783    x$fpl$dsqrt         fz_ws.l(dsqrt_noumaal.o)
    0x08009cf4   0x000001d4   Code   RO          605    x$fpl$dsub          fz_ws.l(daddsub_clz.o)
    0x08009ec8   0x0000000a   Code   RO         1031    x$fpl$fretinf       fz_ws.l(fretinf.o)
    0x08009ed2   0x00000004   Code   RO          633    x$fpl$printf1       fz_ws.l(printf1.o)
    0x08009ed6   0x00000064   Code   RO          970    x$fpl$retnan        fz_ws.l(retnan.o)
    0x08009f3a   0x0000005c   Code   RO          785    x$fpl$scalbn        fz_ws.l(scalbn.o)
    0x08009f96   0x00000004   Code   RO          909    x$fpl$scanf1        fz_ws.l(scanf1.o)
    0x08009f9a   0x00000008   Code   RO          981    x$fpl$scanf2        fz_ws.l(scanf2.o)
    0x08009fa2   0x00000030   Code   RO          987    x$fpl$trapveneer    fz_ws.l(trapv.o)
    0x08009fd2   0x00000000   Code   RO          787    x$fpl$usenofp       fz_ws.l(usenofp.o)
    0x08009fd2   0x00000016   Data   RO          328    .constdata          sim868.o
    0x08009fe8   0x00000011   Data   RO          581    .constdata          c_w.l(__printf_flags_ss_wp.o)
    0x08009ff9   0x00000007   PAD
    0x0800a000   0x00000050   Data   RO          637    .constdata          m_ws.l(asin.o)
    0x0800a050   0x00000088   Data   RO          667    .constdata          m_ws.l(pow.o)
    0x0800a0d8   0x00000008   Data   RO          720    .constdata          c_w.l(_printf_wctomb.o)
    0x0800a0e0   0x00000028   Data   RO          749    .constdata          c_w.l(_printf_hex_int_ll_ptr.o)
    0x0800a108   0x00000098   Data   RO          790    .constdata          m_ws.l(atan.o)
    0x0800a1a0   0x00000030   Data   RO          799    .constdata          m_ws.l(cos_i.o)
    0x0800a1d0   0x00000008   Data   RO          819    .constdata          m_ws.l(qnan.o)
    0x0800a1d8   0x000000c8   Data   RO          822    .constdata          m_ws.l(rred.o)
    0x0800a2a0   0x00000028   Data   RO          826    .constdata          m_ws.l(sin_i.o)
    0x0800a2c8   0x00000094   Data   RO          869    .constdata          c_w.l(bigflt0.o)
    0x0800a35c   0x0000000c   Data   RO          302    .conststring        usart3.o
    0x0800a368   0x00000020   Data   RO         1092    Region$$Table       anon$$obj.o
    0x0800a388   0x00000008   Data   RO          976    c$$dinf             fz_ws.l(fpconst.o)
    0x0800a390   0x00000110   Data   RO          899    locale$$data        c_w.l(lc_ctype_c.o)
    0x0800a4a0   0x0000001c   Data   RO          902    locale$$data        c_w.l(lc_numeric_c.o)


    Execution Region RW_IRAM1 (Base: 0x20000000, Size: 0x00004768, Max: 0x00005000, ABSOLUTE, COMPRESSED[0x000000ac])

    Base Addr    Size         Type   Attr      Idx    E Section Name        Object

    0x20000000   0x00000014   Data   RW          185    .data               system_stm32f10x.o
    0x20000014   0x00000004   PAD
    0x20000018   0x00000054   Data   RW          228    .data               timer.o
    0x2000006c   0x00000004   PAD
    0x20000070   0x00000020   Data   RW          249    .data               conversion.o
    0x20000090   0x00000004   Data   RW          271    .data               stmflash.o
    0x20000094   0x00000004   PAD
    0x20000098   0x0000006a   Data   RW          303    .data               usart3.o
    0x20000102   0x000003f1   Data   RW          329    .data               sim868.o
    0x200004f3   0x00000001   PAD
    0x200004f4   0x00000004   Data   RW          373    .data               delay.o
    0x200004f8   0x00000006   Data   RW          405    .data               usart.o
    0x200004fe   0x00000014   Data   RW          468    .data               stm32f10x_rcc.o
    0x20000512   0x00000002   PAD
    0x20000514   0x000008c8   Zero   RW          270    .bss                stmflash.o
    0x20000ddc   0x00000004   PAD
    0x20000de0   0x00001544   Zero   RW          301    .bss                usart3.o
    0x20002324   0x00000004   PAD
    0x20002328   0x00001d14   Zero   RW          327    .bss                sim868.o
    0x2000403c   0x000000c8   Zero   RW          404    .bss                usart.o
    0x20004104   0x00000060   Zero   RW          832    .bss                c_w.l(libspace.o)
    0x20004164   0x00000004   PAD
    0x20004168   0x00000200   Zero   RW          437    HEAP                startup_stm32f10x_hd.o
    0x20004368   0x00000400   Zero   RW          436    STACK               startup_stm32f10x_hd.o


==============================================================================

Image component sizes


      Code (inc. data)   RO Data    RW Data    ZI Data      Debug   Object Name

      2564        166          0         32          0       3052   conversion.o
       212         18          0          4          0       1115   delay.o
        44          0          0          0          0        702   iwdg.o
        84          4          0          0          0        543   led.o
       496        182          0          0          0     258731   main.o
       220         22          0          0          0       1873   misc.o
      3984       1518         22       1009       7444       9756   sim868.o
        64         26        304          0       1536        796   startup_stm32f10x_hd.o
        72          4          0          0          0       1822   stm32f10x_crc.o
      1468         34          0          0          0       8282   stm32f10x_flash.o
       860         38          0          0          0       5805   stm32f10x_gpio.o
        26          0          0          0          0       1218   stm32f10x_it.o
        64          6          0          0          0       1313   stm32f10x_iwdg.o
       932         36          0         20          0       9020   stm32f10x_rcc.o
      3610         88          0          0          0      22912   stm32f10x_tim.o
      1032         22          0          0          0       8532   stm32f10x_usart.o
      1248        202          0          4       2248       4905   stmflash.o
         0          0          0          0          0         32   sys.o
       480         38          0         20          0       1851   system_stm32f10x.o
       792        174          0         84          0       2003   timer.o
       324         18          0          6        200       3322   usart.o
      2100        346         12        106       5444       6546   usart3.o
       360         16          0          0          0       1810   usart_1.o

    ----------------------------------------------------------------------
     21040       2958        370       1300      16880     355941   Object Totals
         0          0         32          0          0          0   (incl. Generated)
         4          0          0         15          8          0   (incl. Padding)

    ----------------------------------------------------------------------

      Code (inc. data)   RO Data    RW Data    ZI Data      Debug   Library Member Name

        24          4          0          0          0         84   __2printf.o
        44          6          0          0          0         84   __2sprintf.o
        90          0          0          0          0          0   __dczerorl2.o
         8          0          0          0          0         68   __main.o
       392          4         17          0          0         92   __printf_flags_ss_wp.o
        14          0          0          0          0         68   __printf_wp.o
         0          0          0          0          0          0   __rtentry.o
        12          0          0          0          0          0   __rtentry2.o
         6          0          0          0          0          0   __rtentry4.o
        52          8          0          0          0          0   __scatter.o
        28          0          0          0          0          0   __scatter_zi.o
        28          0          0          0          0         68   _chval.o
         6          0          0          0          0          0   _printf_a.o
         6          0          0          0          0          0   _printf_c.o
        44          0          0          0          0        108   _printf_char.o
        48          6          0          0          0         96   _printf_char_common.o
        36          4          0          0          0         80   _printf_char_file.o
        40          0          0          0          0         68   _printf_charcount.o
         6          0          0          0          0          0   _printf_d.o
       120         16          0          0          0         92   _printf_dec.o
         6          0          0          0          0          0   _printf_e.o
         6          0          0          0          0          0   _printf_f.o
      1050          0          0          0          0        216   _printf_fp_dec.o
       128         16          0          0          0         84   _printf_fp_infnan.o
         6          0          0          0          0          0   _printf_g.o
       148          4         40          0          0        160   _printf_hex_int_ll_ptr.o
         6          0          0          0          0          0   _printf_i.o
       178          0          0          0          0         88   _printf_intcommon.o
        10          0          0          0          0          0   _printf_l.o
         6          0          0          0          0          0   _printf_lc.o
        10          0          0          0          0          0   _printf_ll.o
         6          0          0          0          0          0   _printf_lld.o
         6          0          0          0          0          0   _printf_lli.o
         6          0          0          0          0          0   _printf_llo.o
         6          0          0          0          0          0   _printf_llu.o
         6          0          0          0          0          0   _printf_llx.o
       124         16          0          0          0         92   _printf_longlong_dec.o
         6          0          0          0          0          0   _printf_ls.o
         6          0          0          0          0          0   _printf_n.o
         6          0          0          0          0          0   _printf_o.o
       112         10          0          0          0        124   _printf_oct_int_ll.o
         6          0          0          0          0          0   _printf_p.o
        78          0          0          0          0        108   _printf_pad.o
         0          0          0          0          0          0   _printf_percent.o
         4          0          0          0          0          0   _printf_percent_end.o
         6          0          0          0          0          0   _printf_s.o
        82          0          0          0          0         80   _printf_str.o
        36          0          0          0          0         84   _printf_truncate.o
         6          0          0          0          0          0   _printf_u.o
        44          0          0          0          0        108   _printf_wchar.o
       188          6          8          0          0         92   _printf_wctomb.o
         6          0          0          0          0          0   _printf_x.o
        22          0          0          0          0        100   _rserrno.o
        64          0          0          0          0         84   _sgetc.o
        10          0          0          0          0         68   _sputc.o
       158          0          0          0          0         92   _strtoul.o
        64          0          0          0          0         92   _wcrtomb.o
        26          0          0          0          0         80   atoi.o
       220          4        148          0          0         96   bigflt0.o
      2074        132          0          0          0        940   btod.o
        36          4          0          0          0         76   c89vsprintf.o
        18          0          0          0          0         80   exit.o
         8          0          0          0          0         68   ferror.o
         6          0          0          0          0        152   heapauxi.o
        18          0          0          0          0         76   isspace.o
        44         10        272          0          0         76   lc_ctype_c.o
        44         10         28          0          0         76   lc_numeric_c.o
         2          0          0          0          0          0   libinit.o
        30          0          0          0          0          0   libinit2.o
         2          0          0          0          0          0   libshutdown.o
         2          0          0          0          0          0   libshutdown2.o
         8          4          0          0         96         68   libspace.o
        38          0          0          0          0         68   llshl.o
       138          0          0          0          0         80   lludiv10.o
        16          4          0          0          0         76   rt_ctype_table.o
         8          4          0          0          0         68   rt_errno_addr_intlibspace.o
         8          4          0          0          0         68   rt_locale_intlibspace.o
        68          0          0          0          0         68   rt_memclr.o
        78          0          0          0          0         80   rt_memclr_w.o
         2          0          0          0          0          0   rtexit.o
        10          0          0          0          0          0   rtexit2.o
      1188         12          0          0          0        148   scanf_fp.o
       800         14          0          0          0        100   scanf_hexfp.o
       308         16          0          0          0        100   scanf_infnan.o
       128          0          0          0          0         68   strcmpv7m.o
        62          0          0          0          0         76   strlen.o
        86          0          0          0          0         76   strncpy.o
        36          0          0          0          0         80   strstr.o
       164         14          0          0          0        120   strtod.o
       112          0          0          0          0         88   strtol.o
        74          0          0          0          0         80   sys_stackheap_outer.o
         2          0          0          0          0         68   use_no_semi.o
         2          0          0          0          0         68   use_no_semi_2.o
        98          4          0          0          0         92   d2f.o
       826         16          0          0          0        348   daddsub_clz.o
        16          4          0          0          0         68   dcheck1.o
        24          0          0          0          0         68   dcmpi.o
       688        140          0          0          0        208   ddiv.o
       120          4          0          0          0         92   deqf.o
        94          4          0          0          0         92   dfix.o
        90          4          0          0          0         92   dfixu.o
        84          0          0          0          0        136   dflt_clz.o
       120          4          0          0          0         92   dleqf.o
       340         12          0          0          0        104   dmul.o
       156          4          0          0          0         92   dnaninf.o
        12          0          0          0          0         68   dretinf.o
       108          0          0          0          0         80   drleqf.o
       460         56          0          0          0        120   dsqrt_noumaal.o
         0          0          8          0          0          0   fpconst.o
        10          0          0          0          0         68   fretinf.o
         4          0          0          0          0         68   printf1.o
       100          0          0          0          0         68   retnan.o
        92          0          0          0          0         68   scalbn.o
         4          0          0          0          0         68   scanf1.o
         8          0          0          0          0         84   scanf2.o
        48          0          0          0          0         68   trapv.o
         0          0          0          0          0          0   usenofp.o
       624         52         80          0          0        168   asin.o
       544         70        152          0          0        124   atan.o
       384         38          0          0          0        144   atan2.o
        42          0          0          0          0         84   atof.o
       156          8          0          0          0        104   cos.o
       252         22         48          0          0        124   cos_i.o
        68         10          0          0          0        408   dunder.o
        40          0          0          0          0         68   fpclassify.o
        88          8          0          0          0         76   frexp.o
       138          0          0          0          0        160   ldexp.o
       152          4          0          0          0        168   narrow.o
       170          0          0          0          0         96   poly.o
      2520        190        136          0          0        324   pow.o
         0          0          8          0          0          0   qnan.o
       904         76        200          0          0        140   rred.o
       160         10          0          0          0        108   sin.o
       236         12         40          0          0        128   sin_i.o
        76          0          0          0          0         84   sqrt.o

    ----------------------------------------------------------------------
     19570       1086       1192          0        100      10700   Library Totals
        32          2          7          0          4          0   (incl. Padding)

    ----------------------------------------------------------------------

      Code (inc. data)   RO Data    RW Data    ZI Data      Debug   Library Name

      9482        332        513          0         96       5948   c_w.l
      3502        252          8          0          0       2244   fz_ws.l
      6554        500        664          0          0       2508   m_ws.l

    ----------------------------------------------------------------------
     19570       1086       1192          0        100      10700   Library Totals

    ----------------------------------------------------------------------

==============================================================================


      Code (inc. data)   RO Data    RW Data    ZI Data      Debug   

     40610       4044       1562       1300      16980     358889   Grand Totals
     40610       4044       1562        172      16980     358889   ELF Image Totals (compressed)
     40610       4044       1562        172          0          0   ROM Totals

==============================================================================

    Total RO  Size (Code + RO Data)                42172 (  41.18kB)
    Total RW  Size (RW Data + ZI Data)             18280 (  17.85kB)
    Total ROM Size (Code + RO Data + RW Data)      42344 (  41.35kB)

==============================================================================

